[SATSTATS] enabled — scatter files will be written after simulation
[CFG] pathType=gw2gw_e2e simTime=180 slotInterval=60 numSlots=4 lastSlotTime=180
[TOPO] physicalGwNodes=1 utUserNodes=91
[TOPO] logicalGwId=0 gwUserNode=present physicalGwNode=present
[TOPO] logicalGwId=2 gwUserNode=present physicalGwNode=not_present
[SATSTATS] registered: per-sat/gw fwd+rtn feeder dev throughput | per-sat/ut fwd+rtn user dev throughput
[SATSTATS] output prefix: gw2gw_e2e-stats-*
[ISL_DROP] trace connected: 264 ISL interfaces (132 unique links)
[OBS] log opened: e2e/v3/gw2gw_e2e_obs.csv
[OBS] build=2026-04-17-fullobs-v1 feederSource=none
[OBS] traces connected:  feeder=0  service=66  isl=264
[OBS] snapshot interval=10s  dropAlertThresh=50%
[RBDC] trace skipped (rbdcVerbose=0, use --rbdcVerbose=1 to enable)
[CHKPT] 0s | Initialize: start
[CHKPT] 0s | LoadISLDefs: start | path=/home/wenj/workspace/ns-3.43/contrib/satellite/data/scenarios/constellation-iridium-66-sats-fixed/positions/isls.txt
[CHKPT] 0s | LoadISLDefs: done | loaded=132 ISLs
[CHKPT] 0s | InitOrbiterDevices: start
[CHKPT] 0s | InitOrbiterDevices: done | satellites=66
[CHKPT] 0s | Initialize: done | satellites=66 isls=132
[CHKPT] 0s | PrecomputeAllTables: start | slots=4
[CHKPT] PrecomputeAllTables: slot=0 t=0s | SAT0_routes=65 dijkstra=0ms total=0ms
[CHKPT] PrecomputeAllTables: slot=1 t=60s | SAT0_routes=65 dijkstra=0ms total=0ms
[CHKPT] PrecomputeAllTables: slot=2 t=120s | SAT0_routes=65 dijkstra=0ms total=0ms
[CHKPT] PrecomputeAllTables: slot=3 t=180s | SAT0_routes=65 dijkstra=0ms total=0ms
[CHKPT] 0s | PrecomputeAllTables: complete | wall=1ms

[CASE] gw2gw_e2e | gwSrc=0 gwDst=2
[CHKPT] 0s | PrecomputeGwRoutes: start | gws=2 pairs=1 slots=4
[GwRouting] slot=0 t=0s GW0[JP-Tokyo]=2sats GW2[CN-Shanghai]=2sats
[GwRouting] slot=1 t=60s GW0[JP-Tokyo]=2sats GW2[CN-Shanghai]=2sats
[GwRouting] slot=2 t=120s GW0[JP-Tokyo]=2sats GW2[CN-Shanghai]=2sats
[GwRouting] slot=3 t=180s GW0[JP-Tokyo]=3sats GW2[CN-Shanghai]=1sats
[CHKPT] 0s | PrecomputeGwRoutes: done | wall=0ms

=== GW-to-GW Route Report (v6) ===

  [JP-Tokyo → CN-Shanghai]
slot  time(s)   entry   ISL_path                                          exit    isl_cost(s)     
--------------------------------------------------------------------------------------------------
0     0         15      15                                                15      N/A             
1     60        15      15                                                15      N/A             
2     120       15      15                                                15      N/A             
3     180       15      15                                                15      N/A             

  [CN-Shanghai → JP-Tokyo]
slot  time(s)   entry   ISL_path                                          exit    isl_cost(s)     
--------------------------------------------------------------------------------------------------
0     0         15      15                                                15      N/A             
1     60        15      15                                                15      N/A             
2     120       15      15                                                15      N/A             
3     180       15      15                                                15      N/A             

===================================

[GW2GW_OBS][ROUTING_ISL] scopedIslLinks=0 gwSrc=0 gwDst=2
[OBS] scope: feeder=0 service=0 isl=0
[OBS] WARNING: active segment has empty scope; related OBS output may be suppressed

[E2E] pathType=gw2gw_e2e includesIsl=yes segments={feederlink=on, isl=on, servicelink=off} traffic=gw2gw_application
[E2E][feederlink] enabled
[GW2GW_APP] GW0_user=90.2.0.2 -> GW2_user=90.2.0.4 start=1s stop=179s
[GW2GW_OBS][PACKET] PacketSink::Rx trace connected on GW2_user
[E2E][isl] enabled
[E2E][isl] routing/transit enabled without extra ISL-only load generator
[E2E][servicelink] disabled
[CHKPT] 0s | ScheduleRoutingUpdates: 4 events scheduled
[CHKPT] 0s | ApplyRoutingTable: slot=0 t=0s | apply=0ms recompute=0ms recomputedSrc=0
[CHKPT] 60s | ApplyRoutingTable: slot=1 HasSignificantChange=YES
[CHKPT] 60s | RecomputeAffectedRoutes: slot=1 recomputed=3/66 wall=0ms
[CHKPT] 60s | ApplyRoutingTable: slot=1 t=60s | apply=0ms recompute=0ms recomputedSrc=3
[OBS][SCOPE_UPDATE] slot=1 feeder=0 service=0 isl=0
[CHKPT] 120s | ApplyRoutingTable: slot=2 HasSignificantChange=YES
[CHKPT] 120s | RecomputeAffectedRoutes: slot=2 recomputed=13/66 wall=0ms
[CHKPT] 120s | ApplyRoutingTable: slot=2 t=120s | apply=0ms recompute=0ms recomputedSrc=13
[OBS][SCOPE_UPDATE] slot=2 feeder=0 service=0 isl=0

[GW2GW_APP] === Packet-layer delivery summary ===
  src: GW0 (90.2.0.2)
  dst: GW2 (90.2.0.4)
  received: 910848 bytes (~1779 pkts)
[GW2GW_OBS][PACKET] traceConnected=yes traceRxPkts=1779 traceRxBytes=910848
  [PASS] received>0, gateway-to-gateway path is active
======================================

[CHKPT] 180s | ApplyRoutingTable: slot=3 HasSignificantChange=YES
[CHKPT] 180s | RecomputeAffectedRoutes: slot=3 recomputed=20/66 wall=1ms
[CHKPT] 180s | ApplyRoutingTable: slot=3 t=180s | apply=2ms recompute=1ms recomputedSrc=20

=== E2E Link Observability Final Summary ===
link                    rx_pkts   rx_bytes     drop_pkts  drop_rate(%)  avg_delay(ms)
------------------------------------------------------------------------------------
[OBS][FEEDER-DIAG] total OrbiterRxFeeder callbacks (all sats, unscoped): 0
------------------------------------------------------------------------------------
Log: e2e/v3/gw2gw_e2e_obs.csv
=============================================


=== E2E PathType Verdict ===
pathType=gw2gw_e2e
[LINK_LAYER] FAIL | validSlots=4/4 gwSrc=0 gwDst=2 scopedIslLinks=0 scopedRxPkts=0
[PACKET_LAYER] PASS | appInstalled=1 traceConnected=1 traceRxPkts=1779 traceRxBytes=910848 reported=1 sinkTotalRxBytes=910848 sinkEstPkts=1779

=== IslRoutingManager Stats ===
slot  simTime   apply(ms)   recompute(ms)   recompSrc       changed     
0     0         0           0               0               NO          
1     60        0           0               3               YES         
2     120       0           0               13              YES         
3     180       2           1               20              YES         
==============================


=== ISL Load Cost Summary (EMA queue delay) ===
edgeIdx satA    satB    loadAB(ms)      loadBA(ms)      
17      8       19      0.0000          0.4301          
36      18      19      0.0000          0.4301          
38      19      20      0.4301          0.0000          
39      19      30      0.4301          0.0000          
45      22      33      0.0000          0.2258          
55      27      38      0.0000          0.1704          
66      33      34      0.2258          0.0000          
67      33      44      0.2258          0.0000          
74      37      38      0.0000          0.1704          
76      38      39      0.1704          0.0000          
77      38      49      0.1704          0.0000          
79      39      50      0.0000          0.6429          
86      33      43      0.2258          0.0000          
98      49      50      0.0000          0.6429          
100     50      51      0.6429          0.0000          
101     50      61      0.6429          0.0000          
105     52      63      0.0000          0.3521          
109     54      65      0.0000          0.3647          
124     62      63      0.0000          0.3521          
126     63      64      0.3521          0.0000          
127     8       63      0.0000          0.3521          
128     64      65      0.0000          0.3647          
130     55      65      0.0000          0.3647          
131     10      65      0.0000          0.3647          
Loaded ISL links: 24 / 132 total ISL edges
================================================


=== ISL Packet Drop Rate Summary ===
  (all ISLs: 0 drops)
TOTAL: 9513051 pkts, 0 dropped | drop_rate=0.000% | success_rate=100.000%
[PASS] overall ISL drop rate < 1.000%
=====================================

Total wall time: 804.803 s
Event count:     0