[SATSTATS] enabled — scatter files will be written after simulation
[CFG] pathType=gw2sat simTime=180 slotInterval=60 numSlots=4 lastSlotTime=180
[TOPO] physicalGwNodes=1 utUserNodes=91
[TOPO] logicalGwId=0 gwUserNode=present physicalGwNode=present
[SATSTATS] registered: per-sat/gw fwd+rtn feeder dev throughput | per-sat/ut fwd+rtn user dev throughput
[SATSTATS] output prefix: gw2sat-stats-*
[ISL_DROP] trace connected: 264 ISL interfaces (132 unique links)
[OBS] log opened: e2e/v3/gw2sat_obs.csv
[OBS] build=2026-04-17-fullobs-v1 feederSource=orbiter_rxfeeder
[OBS] traces connected:  feeder=66  service=66  isl=264
[OBS] snapshot interval=10s  dropAlertThresh=50%
[RBDC] trace skipped (rbdcVerbose=0, use --rbdcVerbose=1 to enable)
[CHKPT] 0s | Initialize: start
[CHKPT] 0s | LoadISLDefs: start | path=/home/wenj/workspace/ns-3.43/contrib/satellite/data/scenarios/constellation-iridium-66-sats-fixed/positions/isls.txt
[CHKPT] 0s | LoadISLDefs: done | loaded=132 ISLs
[CHKPT] 0s | InitOrbiterDevices: start
[CHKPT] 0s | InitOrbiterDevices: done | satellites=66
[CHKPT] 0s | Initialize: done | satellites=66 isls=132
[CHKPT] 0s | PrecomputeAllTables: start | slots=4
[CHKPT] PrecomputeAllTables: slot=0 t=0s | SAT0_routes=65 dijkstra=0ms total=0ms
[CHKPT] PrecomputeAllTables: slot=1 t=60s | SAT0_routes=65 dijkstra=0ms total=0ms
[CHKPT] PrecomputeAllTables: slot=2 t=120s | SAT0_routes=65 dijkstra=0ms total=0ms
[CHKPT] PrecomputeAllTables: slot=3 t=180s | SAT0_routes=65 dijkstra=0ms total=0ms
[CHKPT] 0s | PrecomputeAllTables: complete | wall=1ms
[CHKPT] 0s | PrecomputeGwRoutes: start | gws=1 pairs=0 slots=4
[GwRouting] slot=0 t=0s GW0[JP-Tokyo]=2sats
[GwRouting] slot=1 t=60s GW0[JP-Tokyo]=2sats
[GwRouting] slot=2 t=120s GW0[JP-Tokyo]=2sats
[GwRouting] slot=3 t=180s GW0[JP-Tokyo]=3sats
[CHKPT] 0s | PrecomputeGwRoutes: done | wall=0ms

[CASE] gw2sat | gwId=0 | feederlink_up only | isl_cost=N/A
[OBS] scope: feeder=3 service=0 isl=0

[E2E] pathType=gw2sat includesIsl=no segments={feederlink=on, isl=off, servicelink=off} traffic=gw_ut_all
[E2E][feederlink] enabled
[TRAFFIC][feederlink] gwUsers=1 utUsers=91 start=1s stop=179s
[TRAFFIC][feederlink] FWD installed: interval=100ms pktSize=1500B rate~120 kbps/flow
[TRAFFIC][feederlink] RTN installed: interval=500ms pktSize=512B rate~8.192 kbps/flow
[E2E][isl] disabled
[E2E][servicelink] disabled
[CHKPT] 0s | ScheduleRoutingUpdates: 4 events scheduled
[CHKPT] 0s | ApplyRoutingTable: slot=0 t=0s | apply=0ms recompute=0ms recomputedSrc=0
[CHKPT] 60s | ApplyRoutingTable: slot=1 HasSignificantChange=YES
[CHKPT] 60s | RecomputeAffectedRoutes: slot=1 recomputed=3/66 wall=0ms
[CHKPT] 60s | ApplyRoutingTable: slot=1 t=60s | apply=0ms recompute=0ms recomputedSrc=3
[OBS][SCOPE_UPDATE] slot=1 feeder=2 service=0 isl=0
[CHKPT] 120s | ApplyRoutingTable: slot=2 HasSignificantChange=YES
[CHKPT] 120s | RecomputeAffectedRoutes: slot=2 recomputed=16/66 wall=5ms
[CHKPT] 120s | ApplyRoutingTable: slot=2 t=120s | apply=6ms recompute=5ms recomputedSrc=16
[OBS][SCOPE_UPDATE] slot=2 feeder=2 service=0 isl=0
[CHKPT] 180s | ApplyRoutingTable: slot=3 HasSignificantChange=YES
[CHKPT] 180s | RecomputeAffectedRoutes: slot=3 recomputed=24/66 wall=1ms
[CHKPT] 180s | ApplyRoutingTable: slot=3 t=180s | apply=1ms recompute=1ms recomputedSrc=24

=== E2E Link Observability Final Summary ===
link                    rx_pkts   rx_bytes     drop_pkts  drop_rate(%)  avg_delay(ms)
------------------------------------------------------------------------------------
feeder:sat15            48261     74169386     0          0.00          5.15
feeder:sat45            0         0            0          0.00          --
[OBS][FEEDER-DIAG] total OrbiterRxFeeder callbacks (all sats, unscoped): 191449
[OBS][FEEDER-DIAG] out-of-scope feeder hits (possible entry sat mismatch):
  sat1 rxPkts=19675 rxBytes=30647832
  sat17 rxPkts=5373 rxBytes=7261891
  sat20 rxPkts=3586 rxBytes=4443844
  sat21 rxPkts=7158 rxBytes=10218417
  sat22 rxPkts=7158 rxBytes=10116978
  sat23 rxPkts=14307 rxBytes=21821568
  sat24 rxPkts=5373 rxBytes=7474153
  sat33 rxPkts=14307 rxBytes=22032924
  sat37 rxPkts=7160 rxBytes=10165169
  sat38 rxPkts=5373 rxBytes=7474153
  sat4 rxPkts=5373 rxBytes=7367593
  sat48 rxPkts=5373 rxBytes=7159273
  sat5 rxPkts=16095 rxBytes=24415220
  sat50 rxPkts=3586 rxBytes=4551124
  sat58 rxPkts=5373 rxBytes=7367593
  sat59 rxPkts=5373 rxBytes=7264213
  sat6 rxPkts=3586 rxBytes=4551124
  sat60 rxPkts=5373 rxBytes=7474153
  sat61 rxPkts=3586 rxBytes=4500148
------------------------------------------------------------------------------------
Log: e2e/v3/gw2sat_obs.csv
=============================================


=== E2E PathType Verdict ===
pathType=gw2sat
[FEEDER_LAYER] PASS | scopedKeys=2 scopedRxPkts=48261
[SERVICE_LAYER] not_applicable | not part of gw2sat
[ISL_LAYER] not_applicable | not part of gw2sat

=== IslRoutingManager Stats ===
slot  simTime   apply(ms)   recompute(ms)   recompSrc       changed     
0     0.00      0           0               0               NO          
1     60.00     0           0               3               YES         
2     120.00    6           5               16              YES         
3     180.00    1           1               24              YES         
==============================


=== ISL Load Cost Summary (EMA queue delay) ===
edgeIdx satA    satB    loadAB(ms)      loadBA(ms)      
16      8       9       0.0000          0.1883          
17      8       19      0.0000          0.6184          
18      9       10      0.1883          0.0000          
19      9       20      0.1883          0.0000          
36      18      19      0.0000          0.6184          
38      19      20      0.6184          0.0000          
39      19      30      0.6184          0.0000          
45      22      33      0.0000          0.2258          
55      27      38      0.0000          0.1704          
66      33      34      0.2258          0.0000          
67      33      44      0.2258          0.0000          
74      37      38      0.0000          0.1704          
76      38      39      0.1704          0.0000          
77      38      49      0.1704          0.0000          
79      39      50      0.0000          0.4546          
86      33      43      0.2258          0.0000          
87      43      54      0.0000          0.3162          
98      49      50      0.0000          0.4546          
100     50      51      0.4546          0.0000          
101     50      61      0.4546          0.0000          
106     53      54      0.0000          0.3162          
108     44      54      0.0000          0.3162          
109     54      65      0.3162          0.1318          
117     3       58      0.0000          0.0158          
128     64      65      0.0000          0.1318          
129     9       64      0.1883          0.0000          
130     55      65      0.0000          0.1318          
131     10      65      0.0000          0.1318          
Loaded ISL links: 28 / 132 total ISL edges
================================================


=== ISL Packet Drop Rate Summary ===
  (all ISLs: 0 drops)
TOTAL: 9579201 pkts, 0 dropped | drop_rate=0.000% | success_rate=100.000%
[PASS] overall ISL drop rate < 1.000%
=====================================

Total wall time: 895.757 s
Event count:     0