[CFG] pathType=gw2sat trafficProfile=none simTime=120 slotInterval=60 numSlots=3 lastSlotTime=120
[ISL_DROP] trace connected: 264 ISL interfaces (132 unique links)
[OBS] log opened: e2e_link_obs.csv
[OBS] build=2026-04-17-fullobs-v1 feederSource=orbiter_rxfeeder
[OBS] traces connected:  feeder=66  service=66  isl=264
[OBS] snapshot interval=10s  dropAlertThresh=50%
[RBDC] trace skipped (rbdcVerbose=0, use --rbdcVerbose=1 to enable)
[CHKPT] 0s | Initialize: start
[CHKPT] 0s | LoadISLDefs: start | path=/home/wenj/workspace/ns-3.43/contrib/satellite/data/scenarios/constellation-iridium-66-sats-fixed/positions/isls.txt
[CHKPT] 0s | LoadISLDefs: done | loaded=132 ISLs
[CHKPT] 0s | InitOrbiterDevices: start
[CHKPT] 0s | InitOrbiterDevices: done | satellites=66
[CHKPT] 0s | Initialize: done | satellites=66 isls=132
[CHKPT] 0s | PrecomputeAllTables: start | slots=3
[CHKPT] PrecomputeAllTables: slot=0 t=0s | SAT0_routes=65 dijkstra=0ms total=0ms
[CHKPT] PrecomputeAllTables: slot=1 t=60s | SAT0_routes=65 dijkstra=0ms total=0ms
[CHKPT] PrecomputeAllTables: slot=2 t=120s | SAT0_routes=65 dijkstra=0ms total=0ms
[CHKPT] 0s | PrecomputeAllTables: complete | wall=1ms
[CHKPT] 0s | PrecomputeGwRoutes: start | gws=1 pairs=0 slots=3
[GwRouting] slot=0 t=0s GW1[IN-NewDelhi]=2sats
[GwRouting] slot=1 t=60s GW1[IN-NewDelhi]=3sats
[GwRouting] slot=2 t=120s GW1[IN-NewDelhi]=3sats
[CHKPT] 0s | PrecomputeGwRoutes: done | wall=0ms

[CASE] gw2sat | gwId=1 | feederlink_up only | isl_cost=N/A
[OBS] scope: feeder=3 service=0 isl=0

[E2E] pathType=gw2sat includesIsl=no segments={feederlink=on, isl=off, servicelink=off} traffic={sharedEdge=on, islBg=off, gw2gwBg=off, gw2gwDirect=off}
[E2E][feederlink] enabled
[TRAFFIC][feederlink] gwId=1 gwUsers=1 utUsers=91 start=1s stop=119s
[TRAFFIC][feederlink] FWD installed: interval=100ms pktSize=1500B rate~120 kbps/flow
[TRAFFIC][feederlink] RTN installed: interval=500ms pktSize=512B rate~8.192 kbps/flow
[E2E][isl] disabled
[E2E][servicelink] disabled
[CHKPT] 0s | ScheduleRoutingUpdates: 3 events scheduled
[CHKPT] 0s | ApplyRoutingTable: slot=0 t=0s | apply=0ms recompute=0ms recomputedSrc=0
[CHKPT] 60s | ApplyRoutingTable: slot=1 HasSignificantChange=YES
[CHKPT] 60s | RecomputeAffectedRoutes: slot=1 recomputed=3/66 wall=0ms
[CHKPT] 60s | ApplyRoutingTable: slot=1 t=60s | apply=0ms recompute=0ms recomputedSrc=3
[CHKPT] 120s | ApplyRoutingTable: slot=2 HasSignificantChange=YES
[CHKPT] 120s | RecomputeAffectedRoutes: slot=2 recomputed=16/66 wall=5ms
[CHKPT] 120s | ApplyRoutingTable: slot=2 t=120s | apply=5ms recompute=5ms recomputedSrc=16

=== E2E Link Observability Final Summary ===
link                    rx_pkts   rx_bytes     drop_pkts  drop_rate(%)  avg_delay(ms)
------------------------------------------------------------------------------------
feeder:sat33            9515      14636714     0          0.00          20.93
feeder:sat4             3575      4972209      0          0.00          18.00
feeder:sat5             10703     16087894     0          0.00          22.17
[OBS][FEEDER-DIAG] total OrbiterRxFeeder callbacks (all sats, unscoped): 127339
[OBS][FEEDER-DIAG] out-of-scope feeder hits (possible entry sat mismatch):
  sat1 rxPkts=13082 rxBytes=20415808
  sat15 rxPkts=32087 rxBytes=49238728
  sat17 rxPkts=3575 rxBytes=4815477
  sat20 rxPkts=2387 rxBytes=2975372
  sat21 rxPkts=4763 rxBytes=6732917
  sat22 rxPkts=4763 rxBytes=6735233
  sat23 rxPkts=9515 rxBytes=14532458
  sat24 rxPkts=3575 rxBytes=4972209
  sat37 rxPkts=4763 rxBytes=6730613
  sat38 rxPkts=3575 rxBytes=4972209
  sat48 rxPkts=3575 rxBytes=4765329
  sat50 rxPkts=2387 rxBytes=3028652
  sat58 rxPkts=3575 rxBytes=4972209
  sat59 rxPkts=3575 rxBytes=4765329
  sat6 rxPkts=2387 rxBytes=3028652
  sat60 rxPkts=3575 rxBytes=4972209
  sat61 rxPkts=2387 rxBytes=2977676
------------------------------------------------------------------------------------
Log: e2e_link_obs.csv
=============================================


=== IslRoutingManager Stats ===
slot  simTime   apply(ms)   recompute(ms)   recompSrc       changed     
0     0.00      0           0               0               NO          
1     60.00     0           0               3               YES         
2     120.00    5           5               16              YES         
==============================


=== ISL Load Cost Summary (EMA queue delay) ===
edgeIdx satA    satB    loadAB(ms)      loadBA(ms)      
16      8       9       0.0000          0.2690          
17      8       19      0.0000          0.2690          
18      9       10      0.2690          0.0000          
19      9       20      0.2690          0.0000          
36      18      19      0.0000          0.2690          
38      19      20      0.2690          0.0000          
39      19      30      0.2690          0.0000          
55      27      38      0.0000          0.2434          
74      37      38      0.0000          0.2434          
76      38      39      0.2434          0.0000          
77      38      49      0.2434          0.0000          
87      43      54      0.0000          0.4517          
106     53      54      0.0000          0.4517          
108     44      54      0.0000          0.4517          
109     54      65      0.4517          0.1883          
128     64      65      0.0000          0.1883          
129     9       64      0.2690          0.0000          
130     55      65      0.0000          0.1883          
131     10      65      0.0000          0.1883          
Loaded ISL links: 19 / 132 total ISL edges
================================================


=== ISL Packet Drop Rate Summary ===
  (all ISLs: 0 drops)
TOTAL: 6386704 pkts, 0 dropped | drop_rate=0.000% | success_rate=100.000%
[PASS] overall ISL drop rate < 1.000%
=====================================

Total wall time: 668.639 s
Event count:     0