Satellite topology
==================
Satellites
  SAT: ID = 0, at 4.39344,113.854,415387
    Devices to ground stations 
      02-06-00:00:00:00:00:01
        Feeder at 02-06-00:00:00:00:00:03, beam 1
        Feeder at 02-06-00:00:00:00:00:06, beam 2
        Feeder at 02-06-00:00:00:00:00:09, beam 3
        Feeder at 02-06-00:00:00:00:00:0c, beam 4
        Feeder at 02-06-00:00:00:00:00:0f, beam 5
        Feeder at 02-06-00:00:00:00:00:12, beam 6
        Feeder at 02-06-00:00:00:00:00:15, beam 7
      Feeder connected to
        00:00:00:00:00:05
        00:00:00:00:00:08
        00:00:00:00:00:0b
        00:00:00:00:00:0e
        00:00:00:00:00:11
        00:00:00:00:00:14
        00:00:00:00:00:17
        00:00:00:00:00:1a
        00:00:00:00:00:1d
        00:00:00:00:00:20
        00:00:00:00:00:23
        00:00:00:00:00:28
        00:00:00:00:00:2e
        00:00:00:00:00:38
        User at 02-06-00:00:00:00:00:04, beam 1
        User at 02-06-00:00:00:00:00:07, beam 2
        User at 02-06-00:00:00:00:00:0a, beam 3
        User at 02-06-00:00:00:00:00:0d, beam 4
        User at 02-06-00:00:00:00:00:10, beam 5
        User at 02-06-00:00:00:00:00:13, beam 6
        User at 02-06-00:00:00:00:00:16, beam 7
      User connected to
    ISLs 
      02-06-00:00:00:00:00:42 to SAT 1
  SAT: ID = 1, at 17.3625,124.686,413074
    Devices to ground stations 
      02-06-00:00:00:00:00:02
        Feeder at 02-06-00:00:00:00:00:18, beam 1
        Feeder at 02-06-00:00:00:00:00:1b, beam 2
        Feeder at 02-06-00:00:00:00:00:1e, beam 3
        Feeder at 02-06-00:00:00:00:00:21, beam 4
        Feeder at 02-06-00:00:00:00:00:26, beam 5
        Feeder at 02-06-00:00:00:00:00:2c, beam 6
        Feeder at 02-06-00:00:00:00:00:36, beam 7
      Feeder connected to
        User at 02-06-00:00:00:00:00:19, beam 1
        User at 02-06-00:00:00:00:00:1c, beam 2
        User at 02-06-00:00:00:00:00:1f, beam 3
        User at 02-06-00:00:00:00:00:22, beam 4
        User at 02-06-00:00:00:00:00:27, beam 5
        User at 02-06-00:00:00:00:00:2d, beam 6
        User at 02-06-00:00:00:00:00:37, beam 7
      User connected to
        00:00:00:00:00:29
        00:00:00:00:00:2f
        00:00:00:00:00:39
        00:00:00:00:00:3a
        00:00:00:00:00:3b
    ISLs 
      02-06-00:00:00:00:00:43 to SAT 0
GWs
  GW: ID = 2, at 17.69,101.62,0
  Devices 
    02-06-00:00:00:00:00:05, sat: 0, beam: 1
    02-06-00:00:00:00:00:0b, sat: 0, beam: 3
    02-06-00:00:00:00:00:11, sat: 0, beam: 5
    02-06-00:00:00:00:00:17, sat: 0, beam: 7
    02-06-00:00:00:00:00:1a, sat: 1, beam: 1
    02-06-00:00:00:00:00:20, sat: 1, beam: 3
    02-06-00:00:00:00:00:28, sat: 1, beam: 5
    02-06-00:00:00:00:00:38, sat: 1, beam: 7
  GW: ID = 3, at 15.93,96.54,-9.31323e-10
  Devices 
    02-06-00:00:00:00:00:08, sat: 0, beam: 2
    02-06-00:00:00:00:00:0e, sat: 0, beam: 4
    02-06-00:00:00:00:00:14, sat: 0, beam: 6
    02-06-00:00:00:00:00:1d, sat: 1, beam: 2
    02-06-00:00:00:00:00:23, sat: 1, beam: 4
    02-06-00:00:00:00:00:2e, sat: 1, beam: 6
UTs
  UT: ID = 4, at 19,110,9.31323e-10
  Devices 
    02-06-00:00:00:00:00:29, sat: 1, beam: 5. Linked to GW 02-06-00:00:00:00:00:11
  UT: ID = 6, at 20,110,0
  Devices 
    02-06-00:00:00:00:00:2f, sat: 1, beam: 6. Linked to GW 02-06-00:00:00:00:00:14
  UT: ID = 8, at 21,111,0
  Devices 
    02-06-00:00:00:00:00:39, sat: 1, beam: 7. Linked to GW 02-06-00:00:00:00:00:17
  UT: ID = 9, at 18,115,0
  Devices 
    02-06-00:00:00:00:00:3a, sat: 1, beam: 7. Linked to GW 02-06-00:00:00:00:00:17
  UT: ID = 10, at 15,120,0
  Devices 
    02-06-00:00:00:00:00:3b, sat: 1, beam: 7. Linked to GW 02-06-00:00:00:00:00:17
GW users
  GW user: ID = 15
UT users
  GW user: ID = 5
  GW user: ID = 7
  GW user: ID = 11
  GW user: ID = 12
  GW user: ID = 13
==================

SatBhHelper::Install() — configuring BH system
  Phase 1 (TimePlan + Metrics): ACTIVE
  Phase 2 (Scheduler + OBC):   disabled
  Phase 3 (CacheQueue + MMSE): disabled
SatBhHelper::BuildStaticBhtp: created plan with 19 slots (M=19, K=2, N=7, hotspot=3)
SatBhHelper: BHTP slot table written to bh-timeplan.csv
SatBhHelper::ConnectTraces [STUB — SNS3 traces not yet connected]
  Pending Hook feasibility check (Layer2.md Step 0)
SatBhHelper: OBC not enabled — using synthetic slot driver
SatBhHelper::SetupPhaseC (Phase C active)
SatBhHelper::SetupPhaseC: UserAssociator created mode=0 maxReassign=5
SatResourceManager: constructed (T_frame=503ms)
SatResourceManager::DoInitialize: scheduling first RunFrameOptimization at t=0
SatBhHelper::SetupPhaseC: ResourceManager initialized T_frame=503ms enableUserAssoc=true
SatBhHelper::SetupPhaseD (Phase D active)
SatBhHelper::SetupPhaseD: PowerAllocator wired into ResourceManager P_total=43dBm N0=-126.47dBW maxIter=30 eps=0.001 ici=0.01
SatBhHelper::ConnectTracesPhaseE (Phase E active)
SatBhHelper::BuildUtAddressMap: scanning 5 UT nodes
SatBhHelper::BuildUtAddressMap: mapped 5 of 5 UTs
SatBhHelper::CacheOrbiterDevice: found SatOrbiterNetDevice on sat 1 (device index=0)
SatBhHelper::ConnectTracesPhaseE: MoveUtCallback wired to SatNcc
SatBhHelper::ConnectTracesPhaseE: ApplyPowerCallback wired to SatOrbiterUserPhy
SatBhHelper::ConnectTracesPhaseE: scheduling PollUtStates() every T_frame=503ms
SatBhHelper::Install() complete
SatResourceManager::RunFrameOptimization frameId=1 t=0s utCount=0
SatResourceManager: frame 1 done; next optimization at t=0.503s
SatResourceManager::RunFrameOptimization frameId=2 t=0.503s utCount=5
SatResourceManager: frame 2 done; next optimization at t=1.006s

=== SatBhTimePlan ===
  planId      : 1
  periodStart : 0.000 s
  periodEnd   : 0.503 s
  duration    : 503 ms  (T_p = 503 ms nominal)
  numSlots    : 19
  slots:
  Slot [0 ms .. 26 ms]  beams={1,4}  radius=1:SMALL,4:LARGE  modcod=5  clusters={1,4}
  Slot [26 ms .. 52 ms]  beams={2,5}  radius=2:SMALL,5:LARGE  modcod=5  clusters={2,5}
  Slot [52 ms .. 78 ms]  beams={3,6}  radius=3:SMALL,6:LARGE  modcod=5  clusters={3,6}
  Slot [78 ms .. 104 ms]  beams={1,7}  radius=1:SMALL,7:LARGE  modcod=5  clusters={1,7}
  Slot [104 ms .. 130 ms]  beams={2,4}  radius=2:SMALL,4:LARGE  modcod=5  clusters={2,4}
  Slot [130 ms .. 156 ms]  beams={3,5}  radius=3:SMALL,5:LARGE  modcod=5  clusters={3,5}
  Slot [156 ms .. 182 ms]  beams={1,6}  radius=1:SMALL,6:LARGE  modcod=5  clusters={1,6}
  Slot [182 ms .. 208 ms]  beams={2,7}  radius=2:SMALL,7:LARGE  modcod=5  clusters={2,7}
  Slot [208 ms .. 234 ms]  beams={3,4}  radius=3:SMALL,4:LARGE  modcod=5  clusters={3,4}
  Slot [234 ms .. 260 ms]  beams={1,5}  radius=1:SMALL,5:LARGE  modcod=5  clusters={1,5}
  Slot [260 ms .. 286 ms]  beams={2,6}  radius=2:SMALL,6:LARGE  modcod=5  clusters={2,6}
  Slot [286 ms .. 312 ms]  beams={3,7}  radius=3:SMALL,7:LARGE  modcod=5  clusters={3,7}
  Slot [312 ms .. 338 ms]  beams={1,4}  radius=1:SMALL,4:LARGE  modcod=5  clusters={1,4}
  Slot [338 ms .. 364 ms]  beams={2,5}  radius=2:SMALL,5:LARGE  modcod=5  clusters={2,5}
  Slot [364 ms .. 390 ms]  beams={3,6}  radius=3:SMALL,6:LARGE  modcod=5  clusters={3,6}
  Slot [390 ms .. 416 ms]  beams={1,7}  radius=1:SMALL,7:LARGE  modcod=5  clusters={1,7}
  Slot [416 ms .. 442 ms]  beams={2,4}  radius=2:SMALL,4:LARGE  modcod=5  clusters={2,4}
  Slot [442 ms .. 468 ms]  beams={3,5}  radius=3:SMALL,5:LARGE  modcod=5  clusters={3,5}
  Slot [468 ms .. 494 ms]  beams={1,6}  radius=1:SMALL,6:LARGE  modcod=5  clusters={1,6}
  beam dwell summary:
    beam 1 : 182.00 ms
    beam 4 : 130.00 ms
    beam 2 : 156.00 ms
    beam 5 : 130.00 ms
    beam 3 : 156.00 ms
    beam 6 : 130.00 ms
    beam 7 : 104.00 ms
====================


[BH Example] Starting simulation  time=60.00s  warmUp=10.00s  K=2  beams=7
  Phase2(Scheduler=0 OBC=0)
  Phase3(CacheQueue=0 MMSE=0)
  PhaseC(ResourceManager=1 UserAssoc=1 SchedMode=0)
  PhaseD(PowerAlloc=1 P_total=43.00dBm N0=-126.47dBW ICI=0.01)
  PhaseE(RealSNS3Wiring=1)

Progress: 0.60/60.00
SatResourceManager::RunFrameOptimization frameId=3 t=1.006s utCount=5
SatResourceManager: frame 3 done; next optimization at t=1.509s
Progress: 1.20/60.00
SatResourceManager::RunFrameOptimization frameId=4 t=1.509s utCount=5
SatResourceManager: frame 4 done; next optimization at t=2.012s
Progress: 1.80/60.00
SatResourceManager::RunFrameOptimization frameId=5 t=2.012s utCount=5
SatResourceManager: frame 5 done; next optimization at t=2.515s
Progress: 2.40/60.00
SatResourceManager::RunFrameOptimization frameId=6 t=2.515s utCount=5
SatResourceManager: frame 6 done; next optimization at t=3.018s
Progress: 3.00/60.00
SatResourceManager::RunFrameOptimization frameId=7 t=3.018s utCount=5
SatResourceManager: frame 7 done; next optimization at t=3.521s
SatResourceManager::RunFrameOptimization frameId=8 t=3.521s utCount=5
SatResourceManager: frame 8 done; next optimization at t=4.024s
Progress: 3.60/60.00
SatResourceManager::RunFrameOptimization frameId=9 t=4.024s utCount=5
SatResourceManager: frame 9 done; next optimization at t=4.527s
Progress: 4.20/60.00
SatResourceManager::RunFrameOptimization frameId=10 t=4.527s utCount=5
SatResourceManager: frame 10 done; next optimization at t=5.03s
Progress: 4.80/60.00
SatResourceManager::RunFrameOptimization frameId=11 t=5.03s utCount=5
SatResourceManager: frame 11 done; next optimization at t=5.533s
Progress: 5.40/60.00
SatResourceManager::RunFrameOptimization frameId=12 t=5.533s utCount=5
SatResourceManager: frame 12 done; next optimization at t=6.036s
Progress: 6.00/60.00
SatResourceManager::RunFrameOptimization frameId=13 t=6.036s utCount=5
SatResourceManager: frame 13 done; next optimization at t=6.539s
SatResourceManager::RunFrameOptimization frameId=14 t=6.539s utCount=5
SatResourceManager: frame 14 done; next optimization at t=7.042s
Progress: 6.60/60.00
SatResourceManager::RunFrameOptimization frameId=15 t=7.042s utCount=5
SatResourceManager: frame 15 done; next optimization at t=7.545s
Progress: 7.20/60.00
SatResourceManager::RunFrameOptimization frameId=16 t=7.545s utCount=5
SatResourceManager: frame 16 done; next optimization at t=8.048s
Progress: 7.80/60.00
SatResourceManager::RunFrameOptimization frameId=17 t=8.048s utCount=5
SatResourceManager: frame 17 done; next optimization at t=8.551s
Progress: 8.40/60.00
SatResourceManager::RunFrameOptimization frameId=18 t=8.551s utCount=5
SatResourceManager: frame 18 done; next optimization at t=9.054s
Progress: 9.00/60.00
SatResourceManager::RunFrameOptimization frameId=19 t=9.054s utCount=5
SatResourceManager: frame 19 done; next optimization at t=9.557s
SatResourceManager::RunFrameOptimization frameId=20 t=9.557s utCount=5
SatResourceManager: frame 20 done; next optimization at t=10.06s
Progress: 9.60/60.00
SatResourceManager::RunFrameOptimization frameId=21 t=10.06s utCount=5
SatResourceManager: frame 21 done; next optimization at t=10.563s
Progress: 10.20/60.00
SatResourceManager::RunFrameOptimization frameId=22 t=10.563s utCount=5
SatResourceManager: frame 22 done; next optimization at t=11.066s
Progress: 10.80/60.00
SatResourceManager::RunFrameOptimization frameId=23 t=11.066s utCount=5
SatResourceManager: frame 23 done; next optimization at t=11.569s
Progress: 11.40/60.00
SatResourceManager::RunFrameOptimization frameId=24 t=11.569s utCount=5
SatResourceManager: frame 24 done; next optimization at t=12.072s
Progress: 12.00/60.00
SatResourceManager::RunFrameOptimization frameId=25 t=12.072s utCount=5
SatResourceManager: frame 25 done; next optimization at t=12.575s
SatResourceManager::RunFrameOptimization frameId=26 t=12.575s utCount=5
SatResourceManager: frame 26 done; next optimization at t=13.078s
Progress: 12.60/60.00
SatResourceManager::RunFrameOptimization frameId=27 t=13.078s utCount=5
SatResourceManager: frame 27 done; next optimization at t=13.581s
Progress: 13.20/60.00
SatResourceManager::RunFrameOptimization frameId=28 t=13.581s utCount=5
SatResourceManager: frame 28 done; next optimization at t=14.084s
Progress: 13.80/60.00
SatResourceManager::RunFrameOptimization frameId=29 t=14.084s utCount=5
SatResourceManager: frame 29 done; next optimization at t=14.587s
Progress: 14.40/60.00
SatResourceManager::RunFrameOptimization frameId=30 t=14.587s utCount=5
SatResourceManager: frame 30 done; next optimization at t=15.09s
Progress: 15.00/60.00
SatResourceManager::RunFrameOptimization frameId=31 t=15.09s utCount=5
SatResourceManager: frame 31 done; next optimization at t=15.593s
SatResourceManager::RunFrameOptimization frameId=32 t=15.593s utCount=5
SatResourceManager: frame 32 done; next optimization at t=16.096s
Progress: 15.60/60.00
SatResourceManager::RunFrameOptimization frameId=33 t=16.096s utCount=5
SatResourceManager: frame 33 done; next optimization at t=16.599s
Progress: 16.20/60.00
SatResourceManager::RunFrameOptimization frameId=34 t=16.599s utCount=5
SatResourceManager: frame 34 done; next optimization at t=17.102s
Progress: 16.80/60.00
SatResourceManager::RunFrameOptimization frameId=35 t=17.102s utCount=5
SatResourceManager: frame 35 done; next optimization at t=17.605s
Progress: 17.40/60.00
SatResourceManager::RunFrameOptimization frameId=36 t=17.605s utCount=5
SatResourceManager: frame 36 done; next optimization at t=18.108s
Progress: 18.00/60.00
SatResourceManager::RunFrameOptimization frameId=37 t=18.108s utCount=5
SatResourceManager: frame 37 done; next optimization at t=18.611s
Progress: 18.60/60.00
SatResourceManager::RunFrameOptimization frameId=38 t=18.611s utCount=5
SatResourceManager: frame 38 done; next optimization at t=19.114s
SatResourceManager::RunFrameOptimization frameId=39 t=19.114s utCount=5
SatResourceManager: frame 39 done; next optimization at t=19.617s
Progress: 19.20/60.00
SatResourceManager::RunFrameOptimization frameId=40 t=19.617s utCount=5
SatResourceManager: frame 40 done; next optimization at t=20.12s
Progress: 19.80/60.00
SatResourceManager::RunFrameOptimization frameId=41 t=20.12s utCount=5
SatResourceManager: frame 41 done; next optimization at t=20.623s
Progress: 20.40/60.00
SatResourceManager::RunFrameOptimization frameId=42 t=20.623s utCount=5
SatResourceManager: frame 42 done; next optimization at t=21.126s
Progress: 21.00/60.00
SatResourceManager::RunFrameOptimization frameId=43 t=21.126s utCount=5
SatResourceManager: frame 43 done; next optimization at t=21.629s
Progress: 21.60/60.00
SatResourceManager::RunFrameOptimization frameId=44 t=21.629s utCount=5
SatResourceManager: frame 44 done; next optimization at t=22.132s
SatResourceManager::RunFrameOptimization frameId=45 t=22.132s utCount=5
SatResourceManager: frame 45 done; next optimization at t=22.635s
Progress: 22.20/60.00
SatResourceManager::RunFrameOptimization frameId=46 t=22.635s utCount=5
SatResourceManager: frame 46 done; next optimization at t=23.138s
Progress: 22.80/60.00
SatResourceManager::RunFrameOptimization frameId=47 t=23.138s utCount=5
SatResourceManager: frame 47 done; next optimization at t=23.641s
Progress: 23.40/60.00
SatResourceManager::RunFrameOptimization frameId=48 t=23.641s utCount=5
SatResourceManager: frame 48 done; next optimization at t=24.144s
Progress: 24.00/60.00
SatResourceManager::RunFrameOptimization frameId=49 t=24.144s utCount=5
SatResourceManager: frame 49 done; next optimization at t=24.647s
Progress: 24.60/60.00
SatResourceManager::RunFrameOptimization frameId=50 t=24.647s utCount=5
SatResourceManager: frame 50 done; next optimization at t=25.15s
SatResourceManager::RunFrameOptimization frameId=51 t=25.15s utCount=5
SatResourceManager: frame 51 done; next optimization at t=25.653s
Progress: 25.20/60.00
SatResourceManager::RunFrameOptimization frameId=52 t=25.653s utCount=5
SatResourceManager: frame 52 done; next optimization at t=26.156s
Progress: 25.80/60.00
SatResourceManager::RunFrameOptimization frameId=53 t=26.156s utCount=5
SatResourceManager: frame 53 done; next optimization at t=26.659s
Progress: 26.40/60.00
SatResourceManager::RunFrameOptimization frameId=54 t=26.659s utCount=5
SatResourceManager: frame 54 done; next optimization at t=27.162s
Progress: 27.00/60.00
SatResourceManager::RunFrameOptimization frameId=55 t=27.162s utCount=5
SatResourceManager: frame 55 done; next optimization at t=27.665s
Progress: 27.60/60.00
SatResourceManager::RunFrameOptimization frameId=56 t=27.665s utCount=5
SatResourceManager: frame 56 done; next optimization at t=28.168s
SatResourceManager::RunFrameOptimization frameId=57 t=28.168s utCount=5
SatResourceManager: frame 57 done; next optimization at t=28.671s
Progress: 28.20/60.00
SatResourceManager::RunFrameOptimization frameId=58 t=28.671s utCount=5
SatResourceManager: frame 58 done; next optimization at t=29.174s
Progress: 28.80/60.00
SatResourceManager::RunFrameOptimization frameId=59 t=29.174s utCount=5
SatResourceManager: frame 59 done; next optimization at t=29.677s
Progress: 29.40/60.00
SatResourceManager::RunFrameOptimization frameId=60 t=29.677s utCount=5
SatResourceManager: frame 60 done; next optimization at t=30.18s
Progress: 30.00/60.00
SatResourceManager::RunFrameOptimization frameId=61 t=30.18s utCount=5
SatResourceManager: frame 61 done; next optimization at t=30.683s
Progress: 30.60/60.00
SatResourceManager::RunFrameOptimization frameId=62 t=30.683s utCount=5
SatResourceManager: frame 62 done; next optimization at t=31.186s
SatResourceManager::RunFrameOptimization frameId=63 t=31.186s utCount=5
SatResourceManager: frame 63 done; next optimization at t=31.689s
Progress: 31.20/60.00
SatResourceManager::RunFrameOptimization frameId=64 t=31.689s utCount=5
SatResourceManager: frame 64 done; next optimization at t=32.192s
Progress: 31.80/60.00
SatResourceManager::RunFrameOptimization frameId=65 t=32.192s utCount=5
SatResourceManager: frame 65 done; next optimization at t=32.695s
Progress: 32.40/60.00
SatResourceManager::RunFrameOptimization frameId=66 t=32.695s utCount=5
SatResourceManager: frame 66 done; next optimization at t=33.198s
Progress: 33.00/60.00
SatResourceManager::RunFrameOptimization frameId=67 t=33.198s utCount=5
SatResourceManager: frame 67 done; next optimization at t=33.701s
Progress: 33.60/60.00
SatResourceManager::RunFrameOptimization frameId=68 t=33.701s utCount=5
SatResourceManager: frame 68 done; next optimization at t=34.204s
Progress: 34.20/60.00
SatResourceManager::RunFrameOptimization frameId=69 t=34.204s utCount=5
SatResourceManager: frame 69 done; next optimization at t=34.707s
SatResourceManager::RunFrameOptimization frameId=70 t=34.707s utCount=5
SatResourceManager: frame 70 done; next optimization at t=35.21s
Progress: 34.80/60.00
SatResourceManager::RunFrameOptimization frameId=71 t=35.21s utCount=5
SatResourceManager: frame 71 done; next optimization at t=35.713s
Progress: 35.40/60.00
SatResourceManager::RunFrameOptimization frameId=72 t=35.713s utCount=5
SatResourceManager: frame 72 done; next optimization at t=36.216s
Progress: 36.00/60.00
SatResourceManager::RunFrameOptimization frameId=73 t=36.216s utCount=5
SatResourceManager: frame 73 done; next optimization at t=36.719s
Progress: 36.60/60.00
SatResourceManager::RunFrameOptimization frameId=74 t=36.719s utCount=5
SatResourceManager: frame 74 done; next optimization at t=37.222s
Progress: 37.20/60.00
SatResourceManager::RunFrameOptimization frameId=75 t=37.222s utCount=5
SatResourceManager: frame 75 done; next optimization at t=37.725s
SatResourceManager::RunFrameOptimization frameId=76 t=37.725s utCount=5
SatResourceManager: frame 76 done; next optimization at t=38.228s
Progress: 37.80/60.00
SatResourceManager::RunFrameOptimization frameId=77 t=38.228s utCount=5
SatResourceManager: frame 77 done; next optimization at t=38.731s
Progress: 38.40/60.00
SatResourceManager::RunFrameOptimization frameId=78 t=38.731s utCount=5
SatResourceManager: frame 78 done; next optimization at t=39.234s
Progress: 39.00/60.00
SatResourceManager::RunFrameOptimization frameId=79 t=39.234s utCount=5
SatResourceManager: frame 79 done; next optimization at t=39.737s
Progress: 39.60/60.00
SatResourceManager::RunFrameOptimization frameId=80 t=39.737s utCount=5
SatResourceManager: frame 80 done; next optimization at t=40.24s
Progress: 40.20/60.00
SatResourceManager::RunFrameOptimization frameId=81 t=40.24s utCount=5
SatResourceManager: frame 81 done; next optimization at t=40.743s
SatResourceManager::RunFrameOptimization frameId=82 t=40.743s utCount=5
SatResourceManager: frame 82 done; next optimization at t=41.246s
Progress: 40.80/60.00
SatResourceManager::RunFrameOptimization frameId=83 t=41.246s utCount=5
SatResourceManager: frame 83 done; next optimization at t=41.749s
Progress: 41.40/60.00
SatResourceManager::RunFrameOptimization frameId=84 t=41.749s utCount=5
SatResourceManager: frame 84 done; next optimization at t=42.252s
Progress: 42.00/60.00
SatResourceManager::RunFrameOptimization frameId=85 t=42.252s utCount=5
SatResourceManager: frame 85 done; next optimization at t=42.755s
Progress: 42.60/60.00
SatResourceManager::RunFrameOptimization frameId=86 t=42.755s utCount=5
SatResourceManager: frame 86 done; next optimization at t=43.258s
Progress: 43.20/60.00
SatResourceManager::RunFrameOptimization frameId=87 t=43.258s utCount=5
SatResourceManager: frame 87 done; next optimization at t=43.761s
SatResourceManager::RunFrameOptimization frameId=88 t=43.761s utCount=5
SatResourceManager: frame 88 done; next optimization at t=44.264s
Progress: 43.80/60.00
SatResourceManager::RunFrameOptimization frameId=89 t=44.264s utCount=5
SatResourceManager: frame 89 done; next optimization at t=44.767s
Progress: 44.40/60.00
SatResourceManager::RunFrameOptimization frameId=90 t=44.767s utCount=5
SatResourceManager: frame 90 done; next optimization at t=45.27s
Progress: 45.00/60.00
SatResourceManager::RunFrameOptimization frameId=91 t=45.27s utCount=5
SatResourceManager: frame 91 done; next optimization at t=45.773s
Progress: 45.60/60.00
SatResourceManager::RunFrameOptimization frameId=92 t=45.773s utCount=5
SatResourceManager: frame 92 done; next optimization at t=46.276s
Progress: 46.20/60.00
SatResourceManager::RunFrameOptimization frameId=93 t=46.276s utCount=5
SatResourceManager: frame 93 done; next optimization at t=46.779s
SatResourceManager::RunFrameOptimization frameId=94 t=46.779s utCount=5
SatResourceManager: frame 94 done; next optimization at t=47.282s
Progress: 46.80/60.00
SatResourceManager::RunFrameOptimization frameId=95 t=47.282s utCount=5
SatResourceManager: frame 95 done; next optimization at t=47.785s
Progress: 47.40/60.00
SatResourceManager::RunFrameOptimization frameId=96 t=47.785s utCount=5
SatResourceManager: frame 96 done; next optimization at t=48.288s
Progress: 48.00/60.00
SatResourceManager::RunFrameOptimization frameId=97 t=48.288s utCount=5
SatResourceManager: frame 97 done; next optimization at t=48.791s
Progress: 48.60/60.00
SatResourceManager::RunFrameOptimization frameId=98 t=48.791s utCount=5
SatResourceManager: frame 98 done; next optimization at t=49.294s
Progress: 49.20/60.00
SatResourceManager::RunFrameOptimization frameId=99 t=49.294s utCount=5
SatResourceManager: frame 99 done; next optimization at t=49.797s
SatResourceManager::RunFrameOptimization frameId=100 t=49.797s utCount=5
SatResourceManager: frame 100 done; next optimization at t=50.3s
Progress: 49.80/60.00
SatResourceManager::RunFrameOptimization frameId=101 t=50.3s utCount=5
SatResourceManager: frame 101 done; next optimization at t=50.803s
Progress: 50.40/60.00
SatResourceManager::RunFrameOptimization frameId=102 t=50.803s utCount=5
SatResourceManager: frame 102 done; next optimization at t=51.306s
Progress: 51.00/60.00
SatResourceManager::RunFrameOptimization frameId=103 t=51.306s utCount=5
SatResourceManager: frame 103 done; next optimization at t=51.809s
Progress: 51.60/60.00
SatResourceManager::RunFrameOptimization frameId=104 t=51.809s utCount=5
SatResourceManager: frame 104 done; next optimization at t=52.312s
Progress: 52.20/60.00
SatResourceManager::RunFrameOptimization frameId=105 t=52.312s utCount=5
SatResourceManager: frame 105 done; next optimization at t=52.815s
Progress: 52.80/60.00
SatResourceManager::RunFrameOptimization frameId=106 t=52.815s utCount=5
SatResourceManager: frame 106 done; next optimization at t=53.318s
SatResourceManager::RunFrameOptimization frameId=107 t=53.318s utCount=5
SatResourceManager: frame 107 done; next optimization at t=53.821s
Progress: 53.40/60.00
SatResourceManager::RunFrameOptimization frameId=108 t=53.821s utCount=5
SatResourceManager: frame 108 done; next optimization at t=54.324s
Progress: 54.00/60.00
SatResourceManager::RunFrameOptimization frameId=109 t=54.324s utCount=5
SatResourceManager: frame 109 done; next optimization at t=54.827s
Progress: 54.60/60.00
SatResourceManager::RunFrameOptimization frameId=110 t=54.827s utCount=5
SatResourceManager: frame 110 done; next optimization at t=55.33s
Progress: 55.20/60.00
SatResourceManager::RunFrameOptimization frameId=111 t=55.33s utCount=5
SatResourceManager: frame 111 done; next optimization at t=55.833s
Progress: 55.80/60.00
SatResourceManager::RunFrameOptimization frameId=112 t=55.833s utCount=5
SatResourceManager: frame 112 done; next optimization at t=56.336s
SatResourceManager::RunFrameOptimization frameId=113 t=56.336s utCount=5
SatResourceManager: frame 113 done; next optimization at t=56.839s
Progress: 56.40/60.00
SatResourceManager::RunFrameOptimization frameId=114 t=56.839s utCount=5
SatResourceManager: frame 114 done; next optimization at t=57.342s
Progress: 57.00/60.00
SatResourceManager::RunFrameOptimization frameId=115 t=57.342s utCount=5
SatResourceManager: frame 115 done; next optimization at t=57.845s
Progress: 57.60/60.00
SatResourceManager::RunFrameOptimization frameId=116 t=57.845s utCount=5
SatResourceManager: frame 116 done; next optimization at t=58.348s
Progress: 58.20/60.00
SatResourceManager::RunFrameOptimization frameId=117 t=58.348s utCount=5
SatResourceManager: frame 117 done; next optimization at t=58.851s
Progress: 58.80/60.00
SatResourceManager::RunFrameOptimization frameId=118 t=58.851s utCount=5
SatResourceManager: frame 118 done; next optimization at t=59.354s
SatResourceManager::RunFrameOptimization frameId=119 t=59.354s utCount=5
SatResourceManager: frame 119 done; next optimization at t=59.857s
Progress: 59.40/60.00
SatResourceManager::RunFrameOptimization frameId=120 t=59.857s utCount=5
SatResourceManager: frame 120 done; next optimization at t=60.36s

[BH Example] Simulation complete.
  KPI metrics  : bh-metrics.csv
  BHTP table   : bh-timeplan.csv
  SNS3 stats   : data/
  Attributes   : bh-attributes.xml
