Consolidate compiler generated dependencies of target wimax
Consolidate compiler generated dependencies of target stdlib_pch_exec
Consolidate compiler generated dependencies of target satellite
Consolidate compiler generated dependencies of target energy
Consolidate compiler generated dependencies of target spectrum
Consolidate compiler generated dependencies of target wifi
Consolidate compiler generated dependencies of target internet-apps
Consolidate compiler generated dependencies of target aodv
Consolidate compiler generated dependencies of target buildings
Consolidate compiler generated dependencies of target csma-layout
Consolidate compiler generated dependencies of target mesh
Consolidate compiler generated dependencies of target dsdv
Consolidate compiler generated dependencies of target dsr
Consolidate compiler generated dependencies of target raw-sock-creator
Consolidate compiler generated dependencies of target tap-device-creator
Consolidate compiler generated dependencies of target fd-net-device
Consolidate compiler generated dependencies of target lr-wpan
Consolidate compiler generated dependencies of target virtual-net-device
Consolidate compiler generated dependencies of target lte
Consolidate compiler generated dependencies of target uan
Consolidate compiler generated dependencies of target netanim
Consolidate compiler generated dependencies of target nix-vector-routing
Consolidate compiler generated dependencies of target olsr
Consolidate compiler generated dependencies of target point-to-point-layout
Consolidate compiler generated dependencies of target sixlowpan
Consolidate compiler generated dependencies of target tap-bridge
Consolidate compiler generated dependencies of target topology-read
Consolidate compiler generated dependencies of target scratch_sat-bh-example
[  0%] Building CXX object scratch/CMakeFiles/scratch_sat-bh-example.dir/sat-bh-example.cc.o
[  0%] Linking CXX executable ns3.43-sat-bh-example-default
Satellite topology
==================
Satellites
  SAT: ID = 0, at 4.39344,113.854,415387
    Devices to ground stations 
      02-06-00:00:00:00:00:01
        Feeder at 02-06-00:00:00:00:00:03, beam 1
        Feeder at 02-06-00:00:00:00:00:06, beam 2
        Feeder at 02-06-00:00:00:00:00:09, beam 3
        Feeder at 02-06-00:00:00:00:00:0c, beam 4
        Feeder at 02-06-00:00:00:00:00:0f, beam 5
        Feeder at 02-06-00:00:00:00:00:12, beam 6
        Feeder at 02-06-00:00:00:00:00:15, beam 7
      Feeder connected to
        00:00:00:00:00:05
        00:00:00:00:00:08
        00:00:00:00:00:0b
        00:00:00:00:00:0e
        00:00:00:00:00:11
        00:00:00:00:00:14
        00:00:00:00:00:17
        00:00:00:00:00:1a
        00:00:00:00:00:1d
        00:00:00:00:00:20
        00:00:00:00:00:23
        00:00:00:00:00:28
        00:00:00:00:00:2e
        00:00:00:00:00:38
        User at 02-06-00:00:00:00:00:04, beam 1
        User at 02-06-00:00:00:00:00:07, beam 2
        User at 02-06-00:00:00:00:00:0a, beam 3
        User at 02-06-00:00:00:00:00:0d, beam 4
        User at 02-06-00:00:00:00:00:10, beam 5
        User at 02-06-00:00:00:00:00:13, beam 6
        User at 02-06-00:00:00:00:00:16, beam 7
      User connected to
    ISLs 
      02-06-00:00:00:00:00:42 to SAT 1
  SAT: ID = 1, at 17.3625,124.686,413074
    Devices to ground stations 
      02-06-00:00:00:00:00:02
        Feeder at 02-06-00:00:00:00:00:18, beam 1
        Feeder at 02-06-00:00:00:00:00:1b, beam 2
        Feeder at 02-06-00:00:00:00:00:1e, beam 3
        Feeder at 02-06-00:00:00:00:00:21, beam 4
        Feeder at 02-06-00:00:00:00:00:26, beam 5
        Feeder at 02-06-00:00:00:00:00:2c, beam 6
        Feeder at 02-06-00:00:00:00:00:36, beam 7
      Feeder connected to
        User at 02-06-00:00:00:00:00:19, beam 1
        User at 02-06-00:00:00:00:00:1c, beam 2
        User at 02-06-00:00:00:00:00:1f, beam 3
        User at 02-06-00:00:00:00:00:22, beam 4
        User at 02-06-00:00:00:00:00:27, beam 5
        User at 02-06-00:00:00:00:00:2d, beam 6
        User at 02-06-00:00:00:00:00:37, beam 7
      User connected to
        00:00:00:00:00:29
        00:00:00:00:00:2f
        00:00:00:00:00:39
        00:00:00:00:00:3a
        00:00:00:00:00:3b
    ISLs 
      02-06-00:00:00:00:00:43 to SAT 0
GWs
  GW: ID = 2, at 17.69,101.62,0
  Devices 
    02-06-00:00:00:00:00:05, sat: 0, beam: 1
    02-06-00:00:00:00:00:0b, sat: 0, beam: 3
    02-06-00:00:00:00:00:11, sat: 0, beam: 5
    02-06-00:00:00:00:00:17, sat: 0, beam: 7
    02-06-00:00:00:00:00:1a, sat: 1, beam: 1
    02-06-00:00:00:00:00:20, sat: 1, beam: 3
    02-06-00:00:00:00:00:28, sat: 1, beam: 5
    02-06-00:00:00:00:00:38, sat: 1, beam: 7
  GW: ID = 3, at 15.93,96.54,-9.31323e-10
  Devices 
    02-06-00:00:00:00:00:08, sat: 0, beam: 2
    02-06-00:00:00:00:00:0e, sat: 0, beam: 4
    02-06-00:00:00:00:00:14, sat: 0, beam: 6
    02-06-00:00:00:00:00:1d, sat: 1, beam: 2
    02-06-00:00:00:00:00:23, sat: 1, beam: 4
    02-06-00:00:00:00:00:2e, sat: 1, beam: 6
UTs
  UT: ID = 4, at 19,110,9.31323e-10
  Devices 
    02-06-00:00:00:00:00:29, sat: 1, beam: 5. Linked to GW 02-06-00:00:00:00:00:11
  UT: ID = 6, at 20,110,0
  Devices 
    02-06-00:00:00:00:00:2f, sat: 1, beam: 6. Linked to GW 02-06-00:00:00:00:00:14
  UT: ID = 8, at 21,111,0
  Devices 
    02-06-00:00:00:00:00:39, sat: 1, beam: 7. Linked to GW 02-06-00:00:00:00:00:17
  UT: ID = 9, at 18,115,0
  Devices 
    02-06-00:00:00:00:00:3a, sat: 1, beam: 7. Linked to GW 02-06-00:00:00:00:00:17
  UT: ID = 10, at 15,120,0
  Devices 
    02-06-00:00:00:00:00:3b, sat: 1, beam: 7. Linked to GW 02-06-00:00:00:00:00:17
GW users
  GW user: ID = 15
UT users
  GW user: ID = 5
  GW user: ID = 7
  GW user: ID = 11
  GW user: ID = 12
  GW user: ID = 13
==================


=== SatBhTimePlan ===
  planId      : 1
  periodStart : 0.000 s
  periodEnd   : 0.503 s
  duration    : 503 ms  (T_p = 503 ms nominal)
  numSlots    : 19
  slots:
  Slot [0 ms .. 26 ms]  beams={1,4}  radius=SMALL  modcod=5  clusters={1,4}
  Slot [26 ms .. 52 ms]  beams={2,5}  radius=SMALL  modcod=5  clusters={2,5}
  Slot [52 ms .. 78 ms]  beams={3,6}  radius=SMALL  modcod=5  clusters={3,6}
  Slot [78 ms .. 104 ms]  beams={1,7}  radius=SMALL  modcod=5  clusters={1,7}
  Slot [104 ms .. 130 ms]  beams={2,4}  radius=SMALL  modcod=5  clusters={2,4}
  Slot [130 ms .. 156 ms]  beams={3,5}  radius=SMALL  modcod=5  clusters={3,5}
  Slot [156 ms .. 182 ms]  beams={1,6}  radius=SMALL  modcod=5  clusters={1,6}
  Slot [182 ms .. 208 ms]  beams={2,7}  radius=SMALL  modcod=5  clusters={2,7}
  Slot [208 ms .. 234 ms]  beams={3,4}  radius=SMALL  modcod=5  clusters={3,4}
  Slot [234 ms .. 260 ms]  beams={1,5}  radius=SMALL  modcod=5  clusters={1,5}
  Slot [260 ms .. 286 ms]  beams={2,6}  radius=SMALL  modcod=5  clusters={2,6}
  Slot [286 ms .. 312 ms]  beams={3,7}  radius=SMALL  modcod=5  clusters={3,7}
  Slot [312 ms .. 338 ms]  beams={1,4}  radius=SMALL  modcod=5  clusters={1,4}
  Slot [338 ms .. 364 ms]  beams={2,5}  radius=SMALL  modcod=5  clusters={2,5}
  Slot [364 ms .. 390 ms]  beams={3,6}  radius=SMALL  modcod=5  clusters={3,6}
  Slot [390 ms .. 416 ms]  beams={1,7}  radius=SMALL  modcod=5  clusters={1,7}
  Slot [416 ms .. 442 ms]  beams={2,4}  radius=SMALL  modcod=5  clusters={2,4}
  Slot [442 ms .. 468 ms]  beams={3,5}  radius=SMALL  modcod=5  clusters={3,5}
  Slot [468 ms .. 494 ms]  beams={1,6}  radius=SMALL  modcod=5  clusters={1,6}
  beam dwell summary:
    beam 1 : 182.00 ms
    beam 4 : 130.00 ms
    beam 2 : 156.00 ms
    beam 5 : 130.00 ms
    beam 3 : 156.00 ms
    beam 6 : 130.00 ms
    beam 7 : 104.00 ms
====================


[BH Example] Starting simulation  time=300.00s  warmUp=10.00s  K=2  beams=7
  Phase2(Scheduler=0 OBC=0)
  Phase3(CacheQueue=0 MMSE=0)
  PhaseC(ResourceManager=1 UserAssoc=1 SchedMode=0)
  PhaseD(PowerAlloc=1 P_total=43.00dBm N0=-126.47dBW ICI=0.01)

Progress: 3.00/300.00
Progress: 6.00/300.00
Progress: 9.00/300.00
Progress: 12.00/300.00
Progress: 15.00/300.00
Progress: 18.00/300.00
Progress: 21.00/300.00
Progress: 24.00/300.00
Progress: 27.00/300.00
Progress: 30.00/300.00
Progress: 33.00/300.00
Progress: 36.00/300.00
Progress: 39.00/300.00
Progress: 42.00/300.00
Progress: 45.00/300.00
Progress: 48.00/300.00
Progress: 51.00/300.00
Progress: 54.00/300.00
Progress: 57.00/300.00
Progress: 60.00/300.00
Progress: 63.00/300.00
Progress: 66.00/300.00
Progress: 69.00/300.00
Progress: 72.00/300.00
Progress: 75.00/300.00
Progress: 78.00/300.00
Progress: 81.00/300.00
Progress: 84.00/300.00
Progress: 87.00/300.00
Progress: 90.00/300.00
Progress: 93.00/300.00
Progress: 96.00/300.00
Progress: 99.00/300.00
Progress: 102.00/300.00
Progress: 105.00/300.00
Progress: 108.00/300.00
Progress: 111.00/300.00
Progress: 114.00/300.00
Progress: 117.00/300.00
Progress: 120.00/300.00
Progress: 123.00/300.00
Progress: 126.00/300.00
Progress: 129.00/300.00
Progress: 132.00/300.00
Progress: 135.00/300.00
Progress: 138.00/300.00
Progress: 141.00/300.00
Progress: 144.00/300.00
Progress: 147.00/300.00
Progress: 150.00/300.00
Progress: 153.00/300.00
Progress: 156.00/300.00
Progress: 159.00/300.00
Progress: 162.00/300.00
Progress: 165.00/300.00
Progress: 168.00/300.00
Progress: 171.00/300.00
Progress: 174.00/300.00
Progress: 177.00/300.00
Progress: 180.00/300.00
Progress: 183.00/300.00
Progress: 186.00/300.00
Progress: 189.00/300.00
Progress: 192.00/300.00
Progress: 195.00/300.00
Progress: 198.00/300.00
Progress: 201.00/300.00
Progress: 204.00/300.00
Progress: 207.00/300.00
Progress: 210.00/300.00
Progress: 213.00/300.00
Progress: 216.00/300.00
Progress: 219.00/300.00
Progress: 222.00/300.00
Progress: 225.00/300.00
Progress: 228.00/300.00
Progress: 231.00/300.00
Progress: 234.00/300.00
Progress: 237.00/300.00
Progress: 240.00/300.00
Progress: 243.00/300.00
Progress: 246.00/300.00
Progress: 249.00/300.00
Progress: 252.00/300.00
Progress: 255.00/300.00
Progress: 258.00/300.00
Progress: 261.00/300.00
Progress: 264.00/300.00
Progress: 267.00/300.00
Progress: 270.00/300.00
Progress: 273.00/300.00
Progress: 276.00/300.00
Progress: 279.00/300.00
Progress: 282.00/300.00
Progress: 285.00/300.00
Progress: 288.00/300.00
Progress: 291.00/300.00
Progress: 294.00/300.00
Progress: 297.00/300.00

[BH Example] Simulation complete.
  KPI metrics  : bh-metrics.csv
  BHTP table   : bh-timeplan.csv
  SNS3 stats   : data/
  Attributes   : bh-attributes.xml

