Satellite topology
==================
Satellites
  SAT: ID = 0, at 4.39344,113.854,415387
    Devices to ground stations 
      02-06-00:00:00:00:00:01
        Feeder at 02-06-00:00:00:00:00:03, beam 1
        Feeder at 02-06-00:00:00:00:00:06, beam 2
        Feeder at 02-06-00:00:00:00:00:09, beam 3
        Feeder at 02-06-00:00:00:00:00:0c, beam 4
        Feeder at 02-06-00:00:00:00:00:0f, beam 5
        Feeder at 02-06-00:00:00:00:00:12, beam 6
        Feeder at 02-06-00:00:00:00:00:15, beam 7
      Feeder connected to
        00:00:00:00:00:05
        00:00:00:00:00:08
        00:00:00:00:00:0b
        00:00:00:00:00:0e
        00:00:00:00:00:11
        00:00:00:00:00:14
        00:00:00:00:00:17
        00:00:00:00:00:1a
        00:00:00:00:00:1d
        00:00:00:00:00:20
        00:00:00:00:00:23
        00:00:00:00:00:28
        00:00:00:00:00:2e
        00:00:00:00:00:38
        User at 02-06-00:00:00:00:00:04, beam 1
        User at 02-06-00:00:00:00:00:07, beam 2
        User at 02-06-00:00:00:00:00:0a, beam 3
        User at 02-06-00:00:00:00:00:0d, beam 4
        User at 02-06-00:00:00:00:00:10, beam 5
        User at 02-06-00:00:00:00:00:13, beam 6
        User at 02-06-00:00:00:00:00:16, beam 7
      User connected to
    ISLs 
      02-06-00:00:00:00:00:42 to SAT 1
  SAT: ID = 1, at 17.3625,124.686,413074
    Devices to ground stations 
      02-06-00:00:00:00:00:02
        Feeder at 02-06-00:00:00:00:00:18, beam 1
        Feeder at 02-06-00:00:00:00:00:1b, beam 2
        Feeder at 02-06-00:00:00:00:00:1e, beam 3
        Feeder at 02-06-00:00:00:00:00:21, beam 4
        Feeder at 02-06-00:00:00:00:00:26, beam 5
        Feeder at 02-06-00:00:00:00:00:2c, beam 6
        Feeder at 02-06-00:00:00:00:00:36, beam 7
      Feeder connected to
        User at 02-06-00:00:00:00:00:19, beam 1
        User at 02-06-00:00:00:00:00:1c, beam 2
        User at 02-06-00:00:00:00:00:1f, beam 3
        User at 02-06-00:00:00:00:00:22, beam 4
        User at 02-06-00:00:00:00:00:27, beam 5
        User at 02-06-00:00:00:00:00:2d, beam 6
        User at 02-06-00:00:00:00:00:37, beam 7
      User connected to
        00:00:00:00:00:29
        00:00:00:00:00:2f
        00:00:00:00:00:39
        00:00:00:00:00:3a
        00:00:00:00:00:3b
    ISLs 
      02-06-00:00:00:00:00:43 to SAT 0
GWs
  GW: ID = 2, at 17.69,101.62,0
  Devices 
    02-06-00:00:00:00:00:05, sat: 0, beam: 1
    02-06-00:00:00:00:00:0b, sat: 0, beam: 3
    02-06-00:00:00:00:00:11, sat: 0, beam: 5
    02-06-00:00:00:00:00:17, sat: 0, beam: 7
    02-06-00:00:00:00:00:1a, sat: 1, beam: 1
    02-06-00:00:00:00:00:20, sat: 1, beam: 3
    02-06-00:00:00:00:00:28, sat: 1, beam: 5
    02-06-00:00:00:00:00:38, sat: 1, beam: 7
  GW: ID = 3, at 15.93,96.54,-9.31323e-10
  Devices 
    02-06-00:00:00:00:00:08, sat: 0, beam: 2
    02-06-00:00:00:00:00:0e, sat: 0, beam: 4
    02-06-00:00:00:00:00:14, sat: 0, beam: 6
    02-06-00:00:00:00:00:1d, sat: 1, beam: 2
    02-06-00:00:00:00:00:23, sat: 1, beam: 4
    02-06-00:00:00:00:00:2e, sat: 1, beam: 6
UTs
  UT: ID = 4, at 19,110,9.31323e-10
  Devices 
    02-06-00:00:00:00:00:29, sat: 1, beam: 5. Linked to GW 02-06-00:00:00:00:00:11
  UT: ID = 6, at 20,110,0
  Devices 
    02-06-00:00:00:00:00:2f, sat: 1, beam: 6. Linked to GW 02-06-00:00:00:00:00:14
  UT: ID = 8, at 21,111,0
  Devices 
    02-06-00:00:00:00:00:39, sat: 1, beam: 7. Linked to GW 02-06-00:00:00:00:00:17
  UT: ID = 9, at 18,115,0
  Devices 
    02-06-00:00:00:00:00:3a, sat: 1, beam: 7. Linked to GW 02-06-00:00:00:00:00:17
  UT: ID = 10, at 15,120,0
  Devices 
    02-06-00:00:00:00:00:3b, sat: 1, beam: 7. Linked to GW 02-06-00:00:00:00:00:17
GW users
  GW user: ID = 15
UT users
  GW user: ID = 5
  GW user: ID = 7
  GW user: ID = 11
  GW user: ID = 12
  GW user: ID = 13
==================


=== SatBhTimePlan ===
  planId      : 1
  periodStart : 0.000 s
  periodEnd   : 0.503 s
  duration    : 503 ms  (T_p = 503 ms nominal)
  numSlots    : 19
  slots:
  Slot [0 ms .. 26 ms]  beams={1,4}  radius=SMALL  modcod=5  clusters={1,4}
  Slot [26 ms .. 52 ms]  beams={2,5}  radius=SMALL  modcod=5  clusters={2,5}
  Slot [52 ms .. 78 ms]  beams={3,6}  radius=SMALL  modcod=5  clusters={3,6}
  Slot [78 ms .. 104 ms]  beams={1,7}  radius=SMALL  modcod=5  clusters={1,7}
  Slot [104 ms .. 130 ms]  beams={2,4}  radius=SMALL  modcod=5  clusters={2,4}
  Slot [130 ms .. 156 ms]  beams={3,5}  radius=SMALL  modcod=5  clusters={3,5}
  Slot [156 ms .. 182 ms]  beams={1,6}  radius=SMALL  modcod=5  clusters={1,6}
  Slot [182 ms .. 208 ms]  beams={2,7}  radius=SMALL  modcod=5  clusters={2,7}
  Slot [208 ms .. 234 ms]  beams={3,4}  radius=SMALL  modcod=5  clusters={3,4}
  Slot [234 ms .. 260 ms]  beams={1,5}  radius=SMALL  modcod=5  clusters={1,5}
  Slot [260 ms .. 286 ms]  beams={2,6}  radius=SMALL  modcod=5  clusters={2,6}
  Slot [286 ms .. 312 ms]  beams={3,7}  radius=SMALL  modcod=5  clusters={3,7}
  Slot [312 ms .. 338 ms]  beams={1,4}  radius=SMALL  modcod=5  clusters={1,4}
  Slot [338 ms .. 364 ms]  beams={2,5}  radius=SMALL  modcod=5  clusters={2,5}
  Slot [364 ms .. 390 ms]  beams={3,6}  radius=SMALL  modcod=5  clusters={3,6}
  Slot [390 ms .. 416 ms]  beams={1,7}  radius=SMALL  modcod=5  clusters={1,7}
  Slot [416 ms .. 442 ms]  beams={2,4}  radius=SMALL  modcod=5  clusters={2,4}
  Slot [442 ms .. 468 ms]  beams={3,5}  radius=SMALL  modcod=5  clusters={3,5}
  Slot [468 ms .. 494 ms]  beams={1,6}  radius=SMALL  modcod=5  clusters={1,6}
  beam dwell summary:
    beam 1 : 182.00 ms
    beam 4 : 130.00 ms
    beam 2 : 156.00 ms
    beam 5 : 130.00 ms
    beam 3 : 156.00 ms
    beam 6 : 130.00 ms
    beam 7 : 104.00 ms
====================


[BH Example] Starting simulation  time=60.00s  warmUp=10.00s  K=2  beams=7
  Phase2(Scheduler=0 OBC=0)
  Phase3(CacheQueue=0 MMSE=0)
  PhaseC(ResourceManager=1 UserAssoc=1 SchedMode=0)
  PhaseD(PowerAlloc=1 P_total=43.00dBm N0=-126.47dBW ICI=0.01)
  PhaseE(RealSNS3Wiring=1)

Progress: 0.60/60.00
Progress: 1.20/60.00
Progress: 1.80/60.00
Progress: 2.40/60.00
Progress: 3.00/60.00
Progress: 3.60/60.00
Progress: 4.20/60.00
Progress: 4.80/60.00
Progress: 5.40/60.00
Progress: 6.00/60.00
Progress: 6.60/60.00
Progress: 7.20/60.00
Progress: 7.80/60.00
Progress: 8.40/60.00
Progress: 9.00/60.00
Progress: 9.60/60.00
Progress: 10.20/60.00
Progress: 10.80/60.00
Progress: 11.40/60.00
Progress: 12.00/60.00
Progress: 12.60/60.00
Progress: 13.20/60.00
Progress: 13.80/60.00
Progress: 14.40/60.00
Progress: 15.00/60.00
Progress: 15.60/60.00
Progress: 16.20/60.00
Progress: 16.80/60.00
Progress: 17.40/60.00
Progress: 18.00/60.00
Progress: 18.60/60.00
Progress: 19.20/60.00
Progress: 19.80/60.00
Progress: 20.40/60.00
Progress: 21.00/60.00
Progress: 21.60/60.00
Progress: 22.20/60.00
Progress: 22.80/60.00
Progress: 23.40/60.00
Progress: 24.00/60.00
Progress: 24.60/60.00
Progress: 25.20/60.00
Progress: 25.80/60.00
Progress: 26.40/60.00
Progress: 27.00/60.00
Progress: 27.60/60.00
Progress: 28.20/60.00
Progress: 28.80/60.00
Progress: 29.40/60.00
Progress: 30.00/60.00
Progress: 30.60/60.00
Progress: 31.20/60.00
Progress: 31.80/60.00
Progress: 32.40/60.00
Progress: 33.00/60.00
Progress: 33.60/60.00
Progress: 34.20/60.00
Progress: 34.80/60.00
Progress: 35.40/60.00
Progress: 36.00/60.00
Progress: 36.60/60.00
Progress: 37.20/60.00
Progress: 37.80/60.00
Progress: 38.40/60.00
Progress: 39.00/60.00
Progress: 39.60/60.00
Progress: 40.20/60.00
Progress: 40.80/60.00
Progress: 41.40/60.00
Progress: 42.00/60.00
Progress: 42.60/60.00
Progress: 43.20/60.00
Progress: 43.80/60.00
Progress: 44.40/60.00
Progress: 45.00/60.00
Progress: 45.60/60.00
Progress: 46.20/60.00
Progress: 46.80/60.00
Progress: 47.40/60.00
Progress: 48.00/60.00
Progress: 48.60/60.00
Progress: 49.20/60.00
Progress: 49.80/60.00
Progress: 50.40/60.00
Progress: 51.00/60.00
Progress: 51.60/60.00
Progress: 52.20/60.00
Progress: 52.80/60.00
Progress: 53.40/60.00
Progress: 54.00/60.00
Progress: 54.60/60.00
Progress: 55.20/60.00
Progress: 55.80/60.00
Progress: 56.40/60.00
Progress: 57.00/60.00
Progress: 57.60/60.00
Progress: 58.20/60.00
Progress: 58.80/60.00
Progress: 59.40/60.00

[BH Example] Simulation complete.
  KPI metrics  : bh-metrics.csv
  BHTP table   : bh-timeplan.csv
  SNS3 stats   : data/
  Attributes   : bh-attributes.xml
