./ns3 run "test-iridium \
  --pathType=sat2sat \
  --satSrc=0 --satDst=10 \
  --simTime=120 --slotInterval=60 \
  --islMaxDistKm=5000 \
  --endpointProbe=1" \
  2>&1 | tee e2e/fix/test_sat2satlog



[CFG] pathType=sat2sat obsFeederMode=NONE gwMode=user regenerationMode=network simTime=120 slotInterval=60 numSlots=3 lastSlotTime=120
[TOPO_BOOTSTRAP] enabledBeams={1,72} gatewayPresets=5 primaryBeamId=72
[TOPO] physicalGwNodes=2 utUserNodes=91
[ISL_DROP] trace connected: 264 ISL interfaces (132 unique links)
[OBS] log opened: e2e_link_obs.csv
[OBS] build=2026-04-17-fullobs-v1 feederSource=none
[OBS] traces connected:  feeder=0  service=66  isl=264
[OBS] snapshot interval=10s  dropAlertThresh=50%
[RBDC] trace skipped (rbdcVerbose=0, use --rbdcVerbose=1 to enable)
[CHKPT] 0s | Initialize: start
[CHKPT] 0s | LoadISLDefs: start | path=/home/wenj/workspace/ns-3.43/contrib/satellite/data/scenarios/constellation-iridium-66-sats-fixed/positions/isls.txt
[CHKPT] 0s | LoadISLDefs: done | loaded=132 ISLs
[CHKPT] 0s | InitOrbiterDevices: start
[CHKPT] 0s | InitOrbiterDevices: done | satellites=66
[CHKPT] 0s | Initialize: done | satellites=66 isls=132
[CHKPT] 0s | PrecomputeAllTables: start | slots=3
[CHKPT] PrecomputeAllTables: slot=0 t=0s | SAT0_routes=65 dijkstra=0ms total=0ms
[CHKPT] PrecomputeAllTables: slot=1 t=60s | SAT0_routes=65 dijkstra=0ms total=0ms
[CHKPT] PrecomputeAllTables: slot=2 t=120s | SAT0_routes=65 dijkstra=0ms total=0ms
[CHKPT] 0s | PrecomputeAllTables: complete | wall=1ms

[CASE] sat2sat | src=0 dst=10

=== Route Report: Full Paths Across Slots ===
time(s)   src   dst   full_path                                   route_cost    slot  
--------------------------------------------------------------------------------------
0         0     10    0->10                                       0.013165      0     
60.000000 0     10    0->10                                       0.013166      1     
120.0000000     10    0->10                                       0.013167      2     

==============================================
[OBS] scope: feeder=0 service=0 isl=1
[OBS] verdict_scope: feeder=0 service=0 isl=1

=== Packet Path Trace (planned forwarding path) ===
pathType=sat2sat trafficUtUserId=0 gwMode=user
[PKT_PATH] slot=0 t=0.0s SAT0 -> SAT10 isl:sat0->sat10
[PKT_PATH] slot=1 t=60.0s SAT0 -> SAT10 isl:sat0->sat10
[PKT_PATH] slot=2 t=120.0s SAT0 -> SAT10 isl:sat0->sat10
=================================================


=== Propagation Delay Audit ===
[PROP] ISL routing cost uses dist/c. PointToPointIslChannel also computes distance/PropagationSpeed at packet transmit time; PropagationDelayTrace verifies the actual scheduled channel delay.
[PROP][ISL_HOP] slot=0 sat0->sat10 dist_km=3949.51 theory_ms=13.165 ns3_channel_ms=applied_on_transmit
[PROP][TOTAL] slot=0 feeder_ms=-1.000 isl_ms=13.165 service_ms=-1.000 total_theory_ms=13.165
[PROP][ISL_HOP] slot=1 sat0->sat10 dist_km=3949.86 theory_ms=13.166 ns3_channel_ms=applied_on_transmit
[PROP][TOTAL] slot=1 feeder_ms=-1.000 isl_ms=13.166 service_ms=-1.000 total_theory_ms=13.166
[PROP][ISL_HOP] slot=2 sat0->sat10 dist_km=3950.19 theory_ms=13.167 ns3_channel_ms=applied_on_transmit
[PROP][TOTAL] slot=2 feeder_ms=-1.000 isl_ms=13.167 service_ms=-1.000 total_theory_ms=13.167
===============================


[E2E] pathType=sat2sat includesIsl=yes gwMode=user regenerationMode=network segments={feederlink=off, isl=on, servicelink=off} traffic=isl_background logicalUtId=0 trafficUtUserId=0
[E2E][feederlink] disabled
[E2E][isl] enabled
[TRAFFIC][isl] install aggressive background load via GW=0 <-> all UTs gwMode=user
[TRAFFIC][isl] gwUsers=1 utUsers=91 start=1.000s stop=119.000s
[TRAFFIC][isl] FWD installed: interval=30ms pktSize=1500B rate~400.000 kbps/flow
[TRAFFIC][isl] RTN installed: interval=30ms pktSize=1500B rate~400.000 kbps/flow
[E2E][servicelink] disabled
[ENDPOINT_PROBE] enabled pathType=sat2sat probePort=9100
[CHKPT] 0.000s | ScheduleRoutingUpdates: 3 events scheduled
[CHKPT] 0.000s | ApplyRoutingTable: slot=0 t=0.000s | apply=0ms recompute=0ms recomputedSrc=0
[CHKPT] 60.000s | ApplyRoutingTable: slot=1 HasSignificantChange=YES
[CHKPT] 60.000s | RecomputeAffectedRoutes: slot=1 recomputed=33/66 wall=0ms
[CHKPT] 60.000s | ApplyRoutingTable: slot=1 t=60.000s | apply=0ms recompute=0ms recomputedSrc=33
[OBS][SCOPE_UPDATE] slot=1 feeder=0 service=0 isl=1
[CHKPT] 120.000s | ApplyRoutingTable: slot=2 HasSignificantChange=YES
[CHKPT] 120.000s | RecomputeAffectedRoutes: slot=2 recomputed=45/66 wall=0ms
[CHKPT] 120.000s | ApplyRoutingTable: slot=2 t=120.000s | apply=1ms recompute=0ms recomputedSrc=45

=== E2E Link Observability Final Summary ===
link                    rx_pkts   rx_bytes     drop_pkts  drop_rate(%)  avg_delay(ms)
------------------------------------------------------------------------------------
isl:0-10                28766     28766        0          0.00          --
------------------------------------------------------------------------------------
ISL channel propagation delay trace (actual ns-3 scheduled delay)
  isl:0-10         samples=28766 avg_ms=13.000 min_ms=13.000 max_ms=13.000
[OBS][FEEDER-DIAG] total OrbiterRxFeeder callbacks (all sats, unscoped): 0
------------------------------------------------------------------------------------
Log: e2e_link_obs.csv
=============================================


=== E2E PathType Verdict ===
pathType=sat2sat
[FEEDER_LAYER] not_applicable | not part of sat2sat
[SERVICE_LAYER] not_applicable | not part of sat2sat
[ISL_LAYER] PASS | scopedLinks=1 scopedRxPkts=28766 avgDelay=-- channelDelaySamples=28766 channelAvgDelay=13.00ms

=== Endpoint Probe Summary ===
pathType=sat2sat
probePort=9100

[target=sat]
endpointProbe=not_applicable reason=no_ground_endpoint
interpretation=endpoint_not_applicable
==============================


=== Real Delay Matrix ===
sat2sat status=measured rxPkts=28766 appDelaySamples=0 appAvgDelayMs=0.000 feederAvgDelayMs=0.000 serviceAvgDelayMs=0.000 islChannelAvgDelayMs=13.000 theoreticalTotalDelayMs=13.165 reason=
CSV: real_delay_matrix.csv
=========================


=== IslRoutingManager Stats ===
slot  simTime   apply(ms)   recompute(ms)   recompSrc       changed     
0     0.000     0           0               0               NO          
1     60.000    0           0               33              YES         
2     120.000   1           0               45              YES         
==============================


=== ISL Load Cost Summary (EMA queue delay) ===
edgeIdx satA    satB    loadAB(ms)      loadBA(ms)      
0       0       1       19.3642         19.7203         
2       1       2       1.2508          0.0000          
4       2       3       13.9507         0.0000          
5       2       13      0.0000          1.5898          
6       3       4       15.4987         0.0000          
8       4       5       3.2320          0.0000          
13      6       17      0.0000          0.5379          
15      7       18      0.0000          0.1883          
16      8       9       0.0000          0.2561          
18      9       10      0.2561          0.0000          
19      9       20      0.2561          0.0000          
21      10      21      0.0000          0.2218          
26      13      14      0.0084          0.0000          
27      13      24      0.0000          6.1562          
28      14      15      0.0084          0.0000          
32      16      17      0.0000          0.5379          
33      16      27      0.0000          0.3095          
34      17      18      0.5379          0.1883          
35      17      28      0.5379          0.0000          
36      18      19      0.1883          0.0000          
37      18      29      0.1883          0.0000          
40      20      21      0.0000          0.2218          
42      11      21      0.0000          0.2218          
43      21      32      0.2218          0.0000          
44      22      23      26.1631         3.0312          
46      23      24      4.6032          0.0000          
52      26      27      0.0000          0.3095          
54      27      28      0.3095          0.0000          
55      27      38      0.3095          0.0000          
65      32      43      0.0000          0.1633          
67      33      44      0.0000          0.1704          
83      41      52      0.0000          0.2474          
84      42      43      0.0000          0.1633          
86      33      43      0.0000          0.1633          
87      43      54      0.1633          0.0000          
88      44      45      0.1704          0.0000          
89      44      55      0.1704          0.0000          
93      46      57      0.1994          0.0000          
102     51      52      0.0000          0.2474          
104     52      53      0.2474          0.0000          
105     52      63      0.2474          0.1994          
108     44      54      0.1704          0.0000          
109     54      65      0.0000          0.2434          
117     3       58      0.0000          1.9807          
124     62      63      0.0000          0.1994          
126     63      64      0.1994          0.0000          
127     8       63      0.0000          0.1994          
128     64      65      0.0000          0.2434          
129     9       64      0.2561          0.0000          
130     55      65      0.0000          0.2434          
131     10      65      0.0000          0.2434          
Loaded ISL links: 51 / 132 total ISL edges
================================================


=== ISL Rerouting Summary ===
slot  t(s)     recomputed  changed   apply_ms
-----------------------------------------------
1     60.0     33          YES       0ms
2     120.0    45          YES       1ms
-----------------------------------------------
Total rerouting events: 2 / 3 applied slots
[RESULT] Load-triggered rerouting occurred; compare [PKT_PATH] and [OBS][SCOPE_UPDATE] lines by slot.
============================


=== ISL Packet Drop Rate Summary ===
ISL           total_pkts  dropped   drop_rate(%)  success_rate(%)
--------------------------------------------------------------
0-1           100409      1925      1.917         98.083
1-0           108454      8740      8.059         91.941
1-2           68878       465       0.675         99.325
2-3           142839      65248     45.679        54.321
22-23         113400      13123     11.572        88.428
23-22         85191       1136      1.333         98.667
23-24         84078       1744      2.074         97.926
24-13         85108       5411      6.358         93.642
3-4           151183      53726     35.537        64.463
4-5           107211      7466      6.964         93.036
7-6           87809       284       0.323         99.677
8-7           65002       24        0.037         99.963
--------------------------------------------------------------
TOTAL: 9336026 pkts, 159292 dropped | drop_rate=1.706% | success_rate=98.294%
[FAIL] overall ISL drop rate = 1.706% >= threshold 1.000%
=====================================

Total wall time: 1814.233 s
Event count:     0