Consolidate compiler generated dependencies of target scratch_test-iridium
[CFG] pathType=gw2gw_e2e trafficProfile=gw2gw simTime=300 slotInterval=60 numSlots=6 lastSlotTime=300
[ISL_DROP] trace connected: 264 ISL interfaces (132 unique links)
[OBS] log opened: e2e_link_obs.csv
[OBS] build=2026-04-16-rf-v4 feederSource=orbiter_rxfeeder
[OBS] traces connected:  feeder=66  service=66  isl=264
[OBS] snapshot interval=10s  dropAlertThresh=50%
[RBDC] trace skipped (rbdcVerbose=0, use --rbdcVerbose=1 to enable)
[CHKPT] 0s | Initialize: start
[CHKPT] 0s | LoadISLDefs: start | path=/home/wenj/workspace/ns-3.43/contrib/satellite/data/scenarios/constellation-iridium-66-sats-fixed/positions/isls.txt
[CHKPT] 0s | LoadISLDefs: done | loaded=132 ISLs
[CHKPT] 0s | InitOrbiterDevices: start
[CHKPT] 0s | InitOrbiterDevices: done | satellites=66
[CHKPT] 0s | Initialize: done | satellites=66 isls=132
[CHKPT] 0s | PrecomputeAllTables: start | slots=6
[CHKPT] PrecomputeAllTables: slot=0 t=0s | SAT0_routes=65 dijkstra=0ms total=0ms
[CHKPT] PrecomputeAllTables: slot=1 t=60s | SAT0_routes=65 dijkstra=0ms total=0ms
[CHKPT] PrecomputeAllTables: slot=2 t=120s | SAT0_routes=65 dijkstra=0ms total=0ms
[CHKPT] PrecomputeAllTables: slot=3 t=180s | SAT0_routes=65 dijkstra=0ms total=0ms
[CHKPT] PrecomputeAllTables: slot=4 t=240s | SAT0_routes=65 dijkstra=0ms total=0ms
[CHKPT] PrecomputeAllTables: slot=5 t=300s | SAT0_routes=65 dijkstra=0ms total=0ms
[CHKPT] 0s | PrecomputeAllTables: complete | wall=3ms

[CASE] gw2gw_e2e | gwSrc=0 gwDst=2
[CHKPT] 0s | PrecomputeGwRoutes: start | gws=2 pairs=1 slots=6
[GwRouting] slot=0 t=0s GW0[TW-Taipei]=2sats GW2[US-SanFrancisco]=1sats
[GwRouting] slot=1 t=60s GW0[TW-Taipei]=1sats GW2[US-SanFrancisco]=2sats
[GwRouting] slot=2 t=120s GW0[TW-Taipei]=1sats GW2[US-SanFrancisco]=1sats
[GwRouting] slot=3 t=180s GW0[TW-Taipei]=1sats GW2[US-SanFrancisco]=2sats
[GwRouting] slot=4 t=240s GW0[TW-Taipei]=1sats GW2[US-SanFrancisco]=1sats
[GwRouting] slot=5 t=300s GW0[TW-Taipei]=2sats GW2[US-SanFrancisco]=1sats
[CHKPT] 0s | PrecomputeGwRoutes: done | wall=0ms

=== GW-to-GW Route Report (v6) ===

  [TW-Taipei → US-SanFrancisco]
slot  time(s)   entry   ISL_path                                          exit    isl_cost(s)     
--------------------------------------------------------------------------------------------------
0     0         15      15->14->25->36->37                                37      0.043969        
1     60        15      15->14->25->36->37                                37      0.046214        
2     120       15      15->14->13->2->1                                  1       0.047600          <-- ROUTE CHANGED
3     180       15      15->14->25->36                                    36      0.037717          <-- ROUTE CHANGED
4     240       15      15->14->25->36                                    36      0.040054        
5     300       15      15->14->25->36                                    36      0.042347        

  [US-SanFrancisco → TW-Taipei]
slot  time(s)   entry   ISL_path                                          exit    isl_cost(s)     
--------------------------------------------------------------------------------------------------
0     0         37      37->36->25->14->15                                15      0.043969        
1     60        37      37->36->25->14->15                                15      0.046214        
2     120       1       1->2->13->14->15                                  15      0.047600          <-- ROUTE CHANGED
3     180       36      36->25->14->15                                    15      0.037717          <-- ROUTE CHANGED
4     240       36      36->25->14->15                                    15      0.040054        
5     300       36      36->25->14->15                                    15      0.042347        

===================================

[OBS] scope: feeder=0 service=0 isl=14

[E2E] pathType=gw2gw_e2e includesIsl=yes segments={feederlink=on, isl=on, servicelink=off} traffic={sharedEdge=off, islBg=off, gw2gwBg=on, gw2gwDirect=off}
[E2E][feederlink] enabled
[TRAFFIC][gw2gw] install GW-side background load for gwSrc=0 and gwDst=2
[TRAFFIC][feederlink] gwId=0 gwUsers=1 utUsers=91 start=1s stop=299s
[TRAFFIC][feederlink] FWD installed: interval=60ms pktSize=1500B rate~200 kbps/flow
[TRAFFIC][feederlink] RTN installed: interval=60ms pktSize=1024B rate~136.533 kbps/flow
[TRAFFIC][servicelink] gwId=2 gwUsers=1 utUsers=91 start=1s stop=299s
[TRAFFIC][servicelink] FWD installed: interval=60ms pktSize=1500B rate~200 kbps/flow
[TRAFFIC][servicelink] RTN installed: interval=60ms pktSize=1024B rate~136.533 kbps/flow
[E2E][isl] enabled
[E2E][isl] routing/transit enabled without extra ISL-only load generator
[E2E][servicelink] disabled
[CHKPT] 0s | ScheduleRoutingUpdates: 6 events scheduled
[CHKPT] 0s | ApplyRoutingTable: slot=0 t=0s | apply=0ms recompute=0ms recomputedSrc=0
[CHKPT] 60s | ApplyRoutingTable: slot=1 HasSignificantChange=YES
[CHKPT] 60s | RecomputeAffectedRoutes: slot=1 recomputed=9/66 wall=0ms
[CHKPT] 60s | ApplyRoutingTable: slot=1 t=60s | apply=0ms recompute=0ms recomputedSrc=9
[CHKPT] 120s | ApplyRoutingTable: slot=2 HasSignificantChange=YES
[CHKPT] 120s | RecomputeAffectedRoutes: slot=2 recomputed=17/66 wall=0ms
[CHKPT] 120s | ApplyRoutingTable: slot=2 t=120s | apply=2ms recompute=0ms recomputedSrc=17
[CHKPT] 180s | ApplyRoutingTable: slot=3 HasSignificantChange=YES
[CHKPT] 180s | RecomputeAffectedRoutes: slot=3 recomputed=25/66 wall=0ms
[CHKPT] 180s | ApplyRoutingTable: slot=3 t=180s | apply=0ms recompute=0ms recomputedSrc=25
[CHKPT] 240s | ApplyRoutingTable: slot=4 HasSignificantChange=YES
[CHKPT] 240s | RecomputeAffectedRoutes: slot=4 recomputed=31/66 wall=0ms
[CHKPT] 240s | ApplyRoutingTable: slot=4 t=240s | apply=0ms recompute=0ms recomputedSrc=31
[CHKPT] 300s | ApplyRoutingTable: slot=5 HasSignificantChange=YES
[CHKPT] 300s | RecomputeAffectedRoutes: slot=5 recomputed=33/66 wall=0ms
[CHKPT] 300s | ApplyRoutingTable: slot=5 t=300s | apply=0ms recompute=0ms recomputedSrc=33

=== E2E Link Observability Final Summary ===
link                    rx_pkts   rx_bytes     drop_pkts  drop_rate(%)  avg_delay(ms)
------------------------------------------------------------------------------------
isl:1-2                 71799     71799        0          0.00          0.00
isl:13-14               125385    125385       0          0.00          0.00
isl:13-2                59977     59977        0          0.00          0.00
isl:14-13               59977     59977        0          0.00          0.00
isl:14-15               203047    203047       272        0.13          0.00
isl:14-25               59977     59977        0          0.00          0.00
isl:15-14               59975     59975        0          0.00          0.00
isl:2-1                 59976     59976        0          0.00          0.00
isl:2-13                71802     71802        0          0.00          0.00
isl:25-14               89881     89881        0          0.00          0.00
isl:25-36               59974     59974        0          0.00          0.00
isl:36-25               89881     89881        0          0.00          0.00
isl:36-37               59974     59974        0          0.00          0.00
isl:37-36               76479     76479        0          0.00          0.00
------------------------------------------------------------------------------------
Log: e2e_link_obs.csv
=============================================


=== IslRoutingManager Stats ===
slot  simTime   apply(ms)   recompute(ms)   recompSrc       changed     
0     0.00      0           0               0               NO          
1     60.00     0           0               9               YES         
2     120.00    2           0               17              YES         
3     180.00    0           0               25              YES         
4     240.00    0           0               31              YES         
5     300.00    0           0               33              YES         
==============================


=== ISL Load Cost Summary (EMA queue delay) ===
edgeIdx satA    satB    loadAB(ms)      loadBA(ms)      
9       4       15      0.0000          0.2690          
13      6       17      0.0000          0.2772          
15      7       18      0.0000          0.4561          
17      8       19      0.0000          0.8474          
28      14      15      0.8385          0.2690          
30      15      16      0.2690          0.0000          
31      15      26      0.2690          0.0000          
32      16      17      0.0000          0.2772          
34      17      18      0.2772          0.4561          
35      17      28      0.2772          0.0000          
36      18      19      0.4561          0.8474          
37      18      29      0.4561          0.0000          
38      19      20      0.8474          0.0000          
39      19      30      0.8474          0.0000          
45      22      33      0.0000          0.1107          
49      24      35      0.0000          0.2474          
63      31      42      0.0000          0.1704          
66      33      34      0.1107          0.0000          
67      33      44      0.1107          0.0000          
68      34      35      0.0000          0.2474          
70      35      36      0.2474          0.0000          
71      35      46      0.2474          0.0000          
72      36      37      0.0000          0.4333          
79      39      50      0.0000          0.2227          
82      41      42      0.0000          0.1704          
83      41      52      0.0000          0.2988          
84      42      43      0.1704          0.0000          
85      42      53      0.1704          0.0646          
86      33      43      0.1107          0.0000          
87      43      54      0.0000          0.1549          
98      49      50      0.0000          0.2227          
100     50      51      0.2227          0.0000          
101     50      61      0.2227          0.0000          
102     51      52      0.0000          0.2988          
104     52      53      0.2988          0.0646          
105     52      63      0.2988          0.0951          
106     53      54      0.0646          0.1549          
107     53      64      0.0646          0.0000          
108     44      54      0.0000          0.1549          
109     54      65      0.1549          0.1495          
117     3       58      0.0000          0.1794          
124     62      63      0.0000          0.0951          
126     63      64      0.0951          0.0000          
127     8       63      0.0000          0.0951          
128     64      65      0.0000          0.1495          
130     55      65      0.0000          0.1495          
131     10      65      0.0000          0.1495          
Loaded ISL links: 47 / 132 total ISL edges
================================================


=== ISL Packet Drop Rate Summary ===
ISL           total_pkts  dropped   drop_rate(%)  success_rate(%)
--------------------------------------------------------------
14-15         203319      272       0.1330        99.866
--------------------------------------------------------------
TOTAL: 16490288 pkts, 272 dropped | drop_rate=0.002% | success_rate=99.998%
[PASS] overall ISL drop rate < 1.000%
=====================================

Total wall time: 2299.419 s
Event count:     0