[CFG] pathType=gw2ut_e2e trafficProfile=none simTime=180 slotInterval=60 numSlots=4 lastSlotTime=180
[ISL_DROP] trace connected: 264 ISL interfaces (132 unique links)
[OBS] log opened: e2e_link_obs.csv
[OBS] build=2026-04-16-rf-v4 feederSource=orbiter_rxfeeder
[OBS] traces connected:  feeder=66  service=66  isl=264
[OBS] snapshot interval=10s  dropAlertThresh=50%
[RBDC] trace skipped (rbdcVerbose=0, use --rbdcVerbose=1 to enable)
[CHKPT] 0s | Initialize: start
[CHKPT] 0s | LoadISLDefs: start | path=/home/wenj/workspace/ns-3.43/contrib/satellite/data/scenarios/constellation-iridium-66-sats-fixed/positions/isls.txt
[CHKPT] 0s | LoadISLDefs: done | loaded=132 ISLs
[CHKPT] 0s | InitOrbiterDevices: start
[CHKPT] 0s | InitOrbiterDevices: done | satellites=66
[CHKPT] 0s | Initialize: done | satellites=66 isls=132
[CHKPT] 0s | PrecomputeAllTables: start | slots=4
[CHKPT] PrecomputeAllTables: slot=0 t=0s | SAT0_routes=65 dijkstra=0ms total=0ms
[CHKPT] PrecomputeAllTables: slot=1 t=60s | SAT0_routes=65 dijkstra=0ms total=0ms
[CHKPT] PrecomputeAllTables: slot=2 t=120s | SAT0_routes=65 dijkstra=0ms total=0ms
[CHKPT] PrecomputeAllTables: slot=3 t=180s | SAT0_routes=65 dijkstra=0ms total=0ms
[CHKPT] 0s | PrecomputeAllTables: complete | wall=1ms

[CASE] gw2ut_e2e | gwId=0 utId=0 utLatDeg=37.8 utLonDeg=-122.4
[CHKPT] 0s | PrecomputeGwUtRoutes: start | gws=1 uts=1 pairs=1 slots=4
[GwUtRouting] slot=0 t=0s UT0[UT-SanFrancisco]=1sats
[GwUtRouting] slot=1 t=60s UT0[UT-SanFrancisco]=2sats
[GwUtRouting] slot=2 t=120s UT0[UT-SanFrancisco]=1sats
[GwUtRouting] slot=3 t=180s UT0[UT-SanFrancisco]=2sats
[CHKPT] 0s | PrecomputeGwUtRoutes: done | wall=0ms

=== GW-to-UT Route Report (v7) ===

  [TW-Taipei → UT-SanFrancisco]
slot  time(s)   entry   ISL_path                                          serving   isl_cost(s)     
----------------------------------------------------------------------------------------------------
0     0         15      15->14->25->36->37                                37        0.043969        
1     60        15      15->14->25->36->37                                37        0.046214        
2     120       15      15->14->13->2->1                                  1         0.047600          <-- ROUTE CHANGED
3     180       15      15->14->25->36                                    36        0.037717          <-- ROUTE CHANGED

===================================

[OBS] scope: feeder=1 service=3 isl=7

[E2E] pathType=gw2ut_e2e includesIsl=yes segments={feederlink=on, isl=on, servicelink=on} traffic={sharedEdge=on, islBg=off, gw2gwBg=off, gw2gwDirect=off}
[E2E][feederlink] enabled
[TRAFFIC][feederlink] gwId=0 gwUsers=1 utUsers=91 start=1s stop=179s
[TRAFFIC][feederlink] FWD installed: interval=100ms pktSize=1500B rate~120 kbps/flow
[TRAFFIC][feederlink] RTN installed: interval=500ms pktSize=512B rate~8.192 kbps/flow
[E2E][isl] enabled
[E2E][isl] routing/transit enabled without extra ISL-only load generator
[E2E][servicelink] enabled
[E2E][servicelink] reusing upstream edge traffic installation
[CHKPT] 0s | ScheduleRoutingUpdates: 4 events scheduled
[CHKPT] 0s | ApplyRoutingTable: slot=0 t=0s | apply=0ms recompute=0ms recomputedSrc=0
[CHKPT] 60s | ApplyRoutingTable: slot=1 HasSignificantChange=YES
[CHKPT] 60s | RecomputeAffectedRoutes: slot=1 recomputed=3/66 wall=0ms
[CHKPT] 60s | ApplyRoutingTable: slot=1 t=60s | apply=2ms recompute=0ms recomputedSrc=3
[CHKPT] 120s | ApplyRoutingTable: slot=2 HasSignificantChange=YES
[CHKPT] 120s | RecomputeAffectedRoutes: slot=2 recomputed=16/66 wall=0ms
[CHKPT] 120s | ApplyRoutingTable: slot=2 t=120s | apply=0ms recompute=0ms recomputedSrc=16
[CHKPT] 180s | ApplyRoutingTable: slot=3 HasSignificantChange=YES
[CHKPT] 180s | RecomputeAffectedRoutes: slot=3 recomputed=24/66 wall=1ms
[CHKPT] 180s | ApplyRoutingTable: slot=3 t=180s | apply=1ms recompute=1ms recomputedSrc=24

=== E2E Link Observability Final Summary ===
link                    rx_pkts   rx_bytes     drop_pkts  drop_rate(%)  avg_delay(ms)
------------------------------------------------------------------------------------
feeder:sat15            48261     74170544     0          0.00          5.15
service:sat1            1261      389694       0          0.00          13341.96
service:sat36           0         0            0          0.00          0.00
service:sat37           2193      650090       0          0.00          3891.63
isl:13-2                35974     35974        0          0.00          0.00
isl:14-13               35973     35973        0          0.00          0.00
isl:14-25               35973     35973        0          0.00          0.00
isl:15-14               35972     35972        0          0.00          0.00
isl:2-1                 35973     35973        0          0.00          0.00
isl:25-36               35972     35972        0          0.00          0.00
isl:36-37               35973     35973        0          0.00          0.00
------------------------------------------------------------------------------------
Log: e2e_link_obs.csv
=============================================


=== IslRoutingManager Stats ===
slot  simTime   apply(ms)   recompute(ms)   recompSrc       changed     
0     0.00      0           0               0               NO          
1     60.00     2           0               3               YES         
2     120.00    0           0               16              YES         
3     180.00    1           1               24              YES         
==============================


=== ISL Load Cost Summary (EMA queue delay) ===
edgeIdx satA    satB    loadAB(ms)      loadBA(ms)      
16      8       9       0.0000          0.1883          
17      8       19      0.0000          0.6184          
18      9       10      0.1883          0.0000          
19      9       20      0.1883          0.0000          
36      18      19      0.0000          0.6184          
38      19      20      0.6184          0.0000          
39      19      30      0.6184          0.0000          
45      22      33      0.0000          0.2258          
55      27      38      0.0000          0.1704          
66      33      34      0.2258          0.0000          
67      33      44      0.2258          0.0000          
74      37      38      0.0000          0.1704          
76      38      39      0.1704          0.0000          
77      38      49      0.1704          0.0000          
79      39      50      0.0000          0.4546          
86      33      43      0.2258          0.0000          
87      43      54      0.0000          0.3162          
98      49      50      0.0000          0.4546          
100     50      51      0.4546          0.0000          
101     50      61      0.4546          0.0000          
106     53      54      0.0000          0.3162          
108     44      54      0.0000          0.3162          
109     54      65      0.3162          0.1318          
117     3       58      0.0000          0.0158          
128     64      65      0.0000          0.1318          
129     9       64      0.1883          0.0000          
130     55      65      0.0000          0.1318          
131     10      65      0.0000          0.1318          
Loaded ISL links: 28 / 132 total ISL edges
================================================


=== ISL Packet Drop Rate Summary ===
  (all ISLs: 0 drops)
TOTAL: 9579193 pkts, 0 dropped | drop_rate=0.000% | success_rate=100.000%
[PASS] overall ISL drop rate < 1.000%
=====================================

Total wall time: 1447.045 s
Event count:     0