[CFG] pathType=sat2ut obsFeederMode=NONE simTime=120 slotInterval=60 numSlots=3 lastSlotTime=120
[TOPO] physicalGwNodes=1 utUserNodes=91
[TOPO] logicalGwId=0 gwUserNode=present physicalGwNode=present
[ISL_DROP] trace connected: 264 ISL interfaces (132 unique links)
[OBS] log opened: e2e_link_obs.csv
[OBS] build=2026-04-17-fullobs-v1 feederSource=none
[OBS] traces connected:  feeder=0  service=157  isl=264
[OBS] snapshot interval=10s  dropAlertThresh=50%
[RBDC] trace skipped (rbdcVerbose=0, use --rbdcVerbose=1 to enable)
[CHKPT] 0s | Initialize: start
[CHKPT] 0s | LoadISLDefs: start | path=/home/wenj/workspace/ns-3.43/contrib/satellite/data/scenarios/constellation-iridium-66-sats-fixed/positions/isls.txt
[CHKPT] 0s | LoadISLDefs: done | loaded=132 ISLs
[CHKPT] 0s | InitOrbiterDevices: start
[CHKPT] 0s | InitOrbiterDevices: done | satellites=66
[CHKPT] 0s | Initialize: done | satellites=66 isls=132
[CHKPT] 0s | PrecomputeAllTables: start | slots=3
[CHKPT] PrecomputeAllTables: slot=0 t=0s | SAT0_routes=65 dijkstra=0ms total=0ms
[CHKPT] PrecomputeAllTables: slot=1 t=60s | SAT0_routes=65 dijkstra=0ms total=0ms
[CHKPT] PrecomputeAllTables: slot=2 t=120s | SAT0_routes=65 dijkstra=0ms total=0ms
[CHKPT] 0s | PrecomputeAllTables: complete | wall=1ms
[CHKPT] 0s | PrecomputeGwUtRoutes: start | gws=1 uts=1 pairs=1 slots=3
[GwUtRouting] slot=0 t=0s UT0[UT-Taipei]=2sats
[GwUtRouting] slot=1 t=60s UT0[UT-Taipei]=1sats
[GwUtRouting] slot=2 t=120s UT0[UT-Taipei]=1sats
[CHKPT] 0s | PrecomputeGwUtRoutes: done | wall=0ms

[CASE] sat2ut | utId=0 | servicelink only | isl_cost=N/A
[UT_SELECT] logicalUtId=0 routeServingSat=15 trafficUtUserId=22 requestedUtUserId=0
[OBS] scope: feeder=0 service=2 isl=0
[OBS] verdict_scope: feeder=0 service=2 isl=0

[E2E] pathType=sat2ut includesIsl=no segments={feederlink=off, isl=off, servicelink=on} traffic=gw_ut_selected logicalUtId=0 trafficUtUserId=22
[E2E][feederlink] disabled
[E2E][isl] disabled
[E2E][servicelink] enabled
[TRAFFIC][servicelink] gwUsers=1 utUsers=1 start=1s stop=119s
[TRAFFIC][servicelink] FWD installed: interval=100ms pktSize=1500B rate~120 kbps/flow
[TRAFFIC][servicelink] RTN installed: interval=500ms pktSize=512B rate~8.192 kbps/flow
[CHKPT] 0s | ScheduleRoutingUpdates: 3 events scheduled
[CHKPT] 0s | ApplyRoutingTable: slot=0 t=0s | apply=0ms recompute=0ms recomputedSrc=0
[CHKPT] 60s | ApplyRoutingTable: slot=1 HasSignificantChange=YES
[CHKPT] 60s | RecomputeAffectedRoutes: slot=1 recomputed=3/66 wall=0ms
[CHKPT] 60s | ApplyRoutingTable: slot=1 t=60s | apply=0ms recompute=0ms recomputedSrc=3
[OBS][SCOPE_UPDATE] slot=1 feeder=0 service=2 isl=0
[CHKPT] 120s | ApplyRoutingTable: slot=2 HasSignificantChange=YES
[CHKPT] 120s | RecomputeAffectedRoutes: slot=2 recomputed=10/66 wall=1ms
[CHKPT] 120s | ApplyRoutingTable: slot=2 t=120s | apply=1ms recompute=1ms recomputedSrc=10

=== E2E Link Observability Final Summary ===
link                    rx_pkts   rx_bytes     drop_pkts  drop_rate(%)  avg_delay(ms)
------------------------------------------------------------------------------------
service:sat15           2704      147708       0          0.00          63.07
service:ut22            1189      1816792      0          0.00          --
[OBS][FEEDER-DIAG] total OrbiterRxFeeder callbacks (all sats, unscoped): 0
------------------------------------------------------------------------------------
Log: e2e_link_obs.csv
=============================================


=== E2E PathType Verdict ===
pathType=sat2ut
[FEEDER_LAYER] not_applicable | not part of sat2ut
[SERVICE_LAYER] PASS | satKeys=1 satRxPkts=2704 utKeys=1 utRxPkts=1189
[ISL_LAYER] not_applicable | not part of sat2ut

=== IslRoutingManager Stats ===
slot  simTime   apply(ms)   recompute(ms)   recompSrc       changed     
0     0.00      0           0               0               NO          
1     60.00     0           0               3               YES         
2     120.00    1           1               10              YES         
==============================


=== ISL Load Cost Summary (EMA queue delay) ===
edgeIdx satA    satB    loadAB(ms)      loadBA(ms)      
55      27      38      0.0000          0.2434          
74      37      38      0.0000          0.2434          
76      38      39      0.2434          0.0000          
77      38      49      0.2434          0.0000          
105     52      63      0.0000          0.2772          
109     54      65      0.0000          0.5210          
124     62      63      0.0000          0.2772          
126     63      64      0.2772          0.0000          
127     8       63      0.0000          0.2772          
128     64      65      0.0000          0.5210          
130     55      65      0.0000          0.5210          
131     10      65      0.0000          0.5210          
Loaded ISL links: 12 / 132 total ISL edges
================================================


=== ISL Packet Drop Rate Summary ===
  (all ISLs: 0 drops)
TOTAL: 6340567 pkts, 0 dropped | drop_rate=0.000% | success_rate=100.000%
[PASS] overall ISL drop rate < 1.000%
=====================================

Total wall time: 586.240 s
Event count:     0