[CFG] pathType=gw2gw_e2e trafficProfile=none simTime=120 slotInterval=60 numSlots=3 lastSlotTime=120
[ISL_DROP] trace connected: 264 ISL interfaces (132 unique links)
[OBS] log opened: Logs/0419_gw2gw_e2e_link_obs.csv
[OBS][GW] physical GW nodes from SatTopology: 1
[OBS][GW] gwId=0 key=gw0 satNetDevices=66 totalDevices=68
[OBS] build=2026-04-17-fullobs-v1 feederSource=orbiter_rxfeeder+gw_rx
[OBS] traces connected:  feeder=132  service=66  isl=264
[OBS] snapshot interval=10s  dropAlertThresh=50%
[RBDC] trace skipped (rbdcVerbose=0, use --rbdcVerbose=1 to enable)
[CHKPT] 0s | Initialize: start
[CHKPT] 0s | LoadISLDefs: start | path=/home/wenj/workspace/ns-3.43/contrib/satellite/data/scenarios/constellation-iridium-66-sats-fixed/positions/isls.txt
[CHKPT] 0s | LoadISLDefs: done | loaded=132 ISLs
[CHKPT] 0s | InitOrbiterDevices: start
[CHKPT] 0s | InitOrbiterDevices: done | satellites=66
[CHKPT] 0s | Initialize: done | satellites=66 isls=132
[CHKPT] 0s | PrecomputeAllTables: start | slots=3
[CHKPT] PrecomputeAllTables: slot=0 t=0s | SAT0_routes=65 dijkstra=0ms total=0ms
[CHKPT] PrecomputeAllTables: slot=1 t=60s | SAT0_routes=65 dijkstra=0ms total=0ms
[CHKPT] PrecomputeAllTables: slot=2 t=120s | SAT0_routes=65 dijkstra=0ms total=0ms
[CHKPT] 0s | PrecomputeAllTables: complete | wall=1ms

[CASE] gw2gw_e2e | gwSrc=0 gwDst=2
[CHKPT] 0s | PrecomputeGwRoutes: start | gws=2 pairs=1 slots=3
[GwRouting] slot=0 t=0s GW0[JP-Tokyo]=2sats GW2[CN-Shanghai]=2sats
[GwRouting] slot=1 t=60s GW0[JP-Tokyo]=2sats GW2[CN-Shanghai]=2sats
[GwRouting] slot=2 t=120s GW0[JP-Tokyo]=2sats GW2[CN-Shanghai]=2sats
[CHKPT] 0s | PrecomputeGwRoutes: done | wall=4ms

=== GW-to-GW Route Report (v6) ===

  [JP-Tokyo → CN-Shanghai]
slot  time(s)   entry   ISL_path                                          exit    isl_cost(s)     
--------------------------------------------------------------------------------------------------
0     0         15      15                                                15      N/A             
1     60        15      15                                                15      N/A             
2     120       15      15                                                15      N/A             

  [CN-Shanghai → JP-Tokyo]
slot  time(s)   entry   ISL_path                                          exit    isl_cost(s)     
--------------------------------------------------------------------------------------------------
0     0         15      15                                                15      N/A             
1     60        15      15                                                15      N/A             
2     120       15      15                                                15      N/A             

===================================

[OBS] scope: feeder=3 service=0 isl=0
[OBS] WARNING: active segment has empty scope; related OBS output may be suppressed

[E2E] pathType=gw2gw_e2e includesIsl=yes segments={feederlink=on, isl=on, servicelink=off} traffic={sharedEdge=off, islBg=off, gw2gwBg=off, gw2gwDirect=on}
[E2E][feederlink] enabled
[GW2GW_DIRECT] GW0_user=90.2.0.2 -> GW2_user=90.2.0.4 start=1s stop=119s
[E2E][isl] enabled
[E2E][isl] routing/transit enabled without extra ISL-only load generator
[E2E][servicelink] disabled
[CHKPT] 0s | ScheduleRoutingUpdates: 3 events scheduled
[CHKPT] 0s | ApplyRoutingTable: slot=0 t=0s | apply=0ms recompute=0ms recomputedSrc=0
[CHKPT] 60s | ApplyRoutingTable: slot=1 HasSignificantChange=YES
[CHKPT] 60s | RecomputeAffectedRoutes: slot=1 recomputed=3/66 wall=1ms
[CHKPT] 60s | ApplyRoutingTable: slot=1 t=60s | apply=4ms recompute=1ms recomputedSrc=3
[OBS][SCOPE_UPDATE] slot=1 feeder=3 service=0 isl=0

[GW2GW_DIRECT] === Delivery summary ===
  src: GW0 (90.2.0.2)
  dst: GW2 (90.2.0.4)
  received: 603648 bytes (~1179 pkts)
  [PASS] received>0, gateway-to-gateway path is active
======================================

[CHKPT] 120s | ApplyRoutingTable: slot=2 HasSignificantChange=YES
[CHKPT] 120s | RecomputeAffectedRoutes: slot=2 recomputed=17/66 wall=5ms
[CHKPT] 120s | ApplyRoutingTable: slot=2 t=120s | apply=5ms recompute=5ms recomputedSrc=17
[OBS][SCOPE_UPDATE] slot=2 feeder=3 service=0 isl=0

=== E2E Link Observability Final Summary ===
link                    rx_pkts   rx_bytes     drop_pkts  drop_rate(%)  avg_delay(ms)
------------------------------------------------------------------------------------
feeder:gw0              N/A (bypasses feeder PHY)
feeder:sat15            N/A (bypasses feeder PHY)
[OBS][FEEDER-DIAG] total OrbiterRxFeeder callbacks (all sats, unscoped): 0
[OBS][FEEDER-DIAG] NOTE: OrbiterRxFeeder trace never fired. GW2GW_DIRECT bypasses feeder PHY in REGENERATION_NETWORK mode. feeder:* rows above show N/A.
------------------------------------------------------------------------------------
Log: Logs/0419_gw2gw_e2e_link_obs.csv
=============================================


=== IslRoutingManager Stats ===
slot  simTime   apply(ms)   recompute(ms)   recompSrc       changed     
0     0         0           0               0               NO          
1     60        4           1               3               YES         
2     120       5           5               17              YES         
==============================


=== ISL Load Cost Summary (EMA queue delay) ===
edgeIdx satA    satB    loadAB(ms)      loadBA(ms)      
16      8       9       0.0000          0.2690          
18      9       10      0.2690          0.0000          
19      9       20      0.2690          0.0000          
55      27      38      0.0000          0.3542          
74      37      38      0.0000          0.3542          
76      38      39      0.3542          0.0000          
77      38      49      0.3542          0.0000          
79      39      50      0.0000          0.2690          
98      49      50      0.0000          0.2690          
100     50      51      0.2690          0.0000          
101     50      61      0.2690          0.0000          
105     52      63      0.0000          0.2258          
107     53      64      0.0000          0.2690          
109     54      65      0.0000          0.2234          
124     62      63      0.0000          0.2258          
126     63      64      0.2258          0.2690          
127     8       63      0.0000          0.2258          
128     64      65      0.2690          0.2234          
129     9       64      0.2690          0.2690          
130     55      65      0.0000          0.2234          
131     10      65      0.0000          0.2234          
Loaded ISL links: 21 / 132 total ISL edges
================================================


=== ISL Packet Drop Rate Summary ===
  (all ISLs: 0 drops)
TOTAL: 6340555 pkts, 0 dropped | drop_rate=0.000% | success_rate=100.000%
[PASS] overall ISL drop rate < 1.000%
=====================================

Total wall time: 2060.022 s
Event count:     0