[CFG] pathType=gw2gw_e2e trafficProfile=none simTime=300 slotInterval=60 numSlots=6 lastSlotTime=300
[ISL_DROP] trace connected: 264 ISL interfaces (132 unique links)
[OBS] log opened: Logs/0419_gw2gw_JP_IN_300s_link_obs.csv
[OBS][GW] physical GW nodes from SatTopology: 1
[OBS][GW] gwId=0 key=gw0 satNetDevices=66 totalDevices=68
[OBS] build=2026-04-17-fullobs-v1 feederSource=orbiter_rxfeeder+gw_rx
[OBS] traces connected:  feeder=132  service=66  isl=264
[OBS] snapshot interval=10s  dropAlertThresh=50%
[RBDC] trace skipped (rbdcVerbose=0, use --rbdcVerbose=1 to enable)
[CHKPT] 0s | Initialize: start
[CHKPT] 0s | LoadISLDefs: start | path=/home/wenj/workspace/ns-3.43/contrib/satellite/data/scenarios/constellation-iridium-66-sats-fixed/positions/isls.txt
[CHKPT] 0s | LoadISLDefs: done | loaded=132 ISLs
[CHKPT] 0s | InitOrbiterDevices: start
[CHKPT] 0s | InitOrbiterDevices: done | satellites=66
[CHKPT] 0s | Initialize: done | satellites=66 isls=132
[CHKPT] 0s | PrecomputeAllTables: start | slots=6
[CHKPT] PrecomputeAllTables: slot=0 t=0s | SAT0_routes=65 dijkstra=0ms total=0ms
[CHKPT] PrecomputeAllTables: slot=1 t=60s | SAT0_routes=65 dijkstra=0ms total=0ms
[CHKPT] PrecomputeAllTables: slot=2 t=120s | SAT0_routes=65 dijkstra=0ms total=0ms
[CHKPT] PrecomputeAllTables: slot=3 t=180s | SAT0_routes=65 dijkstra=0ms total=0ms
[CHKPT] PrecomputeAllTables: slot=4 t=240s | SAT0_routes=65 dijkstra=0ms total=0ms
[CHKPT] PrecomputeAllTables: slot=5 t=300s | SAT0_routes=65 dijkstra=0ms total=0ms
[CHKPT] 0s | PrecomputeAllTables: complete | wall=1ms

[CASE] gw2gw_e2e | gwSrc=0 gwDst=1
[CHKPT] 0s | PrecomputeGwRoutes: start | gws=2 pairs=1 slots=6
[GwRouting] slot=0 t=0s GW0[JP-Tokyo]=2sats GW1[IN-NewDelhi]=2sats
[GwRouting] slot=1 t=60s GW0[JP-Tokyo]=2sats GW1[IN-NewDelhi]=3sats
[GwRouting] slot=2 t=120s GW0[JP-Tokyo]=2sats GW1[IN-NewDelhi]=3sats
[GwRouting] slot=3 t=180s GW0[JP-Tokyo]=3sats GW1[IN-NewDelhi]=2sats
[GwRouting] slot=4 t=240s GW0[JP-Tokyo]=3sats GW1[IN-NewDelhi]=2sats
[GwRouting] slot=5 t=300s GW0[JP-Tokyo]=3sats GW1[IN-NewDelhi]=2sats
[CHKPT] 0s | PrecomputeGwRoutes: done | wall=0ms

=== GW-to-GW Route Report (v6) ===

  [JP-Tokyo → IN-NewDelhi]
slot  time(s)   entry   ISL_path                                          exit    isl_cost(s)     
--------------------------------------------------------------------------------------------------
0     0         45      45->46->35->34->33                                33      0.047382        
1     60        15      15->14->3->4                                      4       0.037122          <-- ROUTE CHANGED
2     120       45      45->34->33                                        33      0.029282          <-- ROUTE CHANGED
3     180       14      14->3->4                                          4       0.026127          <-- ROUTE CHANGED
4     240       45      45->34->33                                        33      0.027011          <-- ROUTE CHANGED
5     300       45      45->34->33                                        33      0.025810        

  [IN-NewDelhi → JP-Tokyo]
slot  time(s)   entry   ISL_path                                          exit    isl_cost(s)     
--------------------------------------------------------------------------------------------------
0     0         33      33->34->35->46->45                                45      0.047382        
1     60        4       4->3->14->15                                      15      0.037122          <-- ROUTE CHANGED
2     120       33      33->34->45                                        45      0.029282          <-- ROUTE CHANGED
3     180       4       4->3->14                                          14      0.026127          <-- ROUTE CHANGED
4     240       33      33->34->45                                        45      0.027011          <-- ROUTE CHANGED
5     300       33      33->34->45                                        45      0.025810        

===================================

[OBS] scope: feeder=7 service=0 isl=16

[E2E] pathType=gw2gw_e2e includesIsl=yes segments={feederlink=on, isl=on, servicelink=off} traffic={sharedEdge=off, islBg=off, gw2gwBg=off, gw2gwDirect=on}
[E2E][feederlink] enabled
[GW2GW_DIRECT] GW0_user=90.2.0.2 -> GW1_user=90.2.0.3 start=1s stop=299s
[E2E][isl] enabled
[E2E][isl] routing/transit enabled without extra ISL-only load generator
[E2E][servicelink] disabled
[CHKPT] 0s | ScheduleRoutingUpdates: 6 events scheduled
[CHKPT] 0s | ApplyRoutingTable: slot=0 t=0s | apply=0ms recompute=0ms recomputedSrc=0
[CHKPT] 60s | ApplyRoutingTable: slot=1 HasSignificantChange=YES
[CHKPT] 60s | RecomputeAffectedRoutes: slot=1 recomputed=3/66 wall=0ms
[CHKPT] 60s | ApplyRoutingTable: slot=1 t=60s | apply=0ms recompute=0ms recomputedSrc=3
[OBS][SCOPE_UPDATE] slot=1 feeder=4 service=0 isl=6
[CHKPT] 120s | ApplyRoutingTable: slot=2 HasSignificantChange=YES
[CHKPT] 120s | RecomputeAffectedRoutes: slot=2 recomputed=17/66 wall=0ms
[CHKPT] 120s | ApplyRoutingTable: slot=2 t=120s | apply=0ms recompute=0ms recomputedSrc=17
[OBS][SCOPE_UPDATE] slot=2 feeder=4 service=0 isl=4
[CHKPT] 180s | ApplyRoutingTable: slot=3 HasSignificantChange=YES
[CHKPT] 180s | RecomputeAffectedRoutes: slot=3 recomputed=23/66 wall=0ms
[CHKPT] 180s | ApplyRoutingTable: slot=3 t=180s | apply=0ms recompute=0ms recomputedSrc=23
[OBS][SCOPE_UPDATE] slot=3 feeder=4 service=0 isl=4
[CHKPT] 240s | ApplyRoutingTable: slot=4 HasSignificantChange=YES
[CHKPT] 240s | RecomputeAffectedRoutes: slot=4 recomputed=30/66 wall=0ms
[CHKPT] 240s | ApplyRoutingTable: slot=4 t=240s | apply=0ms recompute=0ms recomputedSrc=30
[OBS][SCOPE_UPDATE] slot=4 feeder=4 service=0 isl=4

[GW2GW_DIRECT] === Delivery summary ===
  src: GW0 (90.2.0.2)
  dst: GW1 (90.2.0.3)
  received: 1525248 bytes (~2979 pkts)
  [PASS] received>0, gateway-to-gateway path is active
======================================

[CHKPT] 300s | ApplyRoutingTable: slot=5 HasSignificantChange=YES
[CHKPT] 300s | RecomputeAffectedRoutes: slot=5 recomputed=33/66 wall=0ms
[CHKPT] 300s | ApplyRoutingTable: slot=5 t=300s | apply=1ms recompute=0ms recomputedSrc=33
[OBS][SCOPE_UPDATE] slot=5 feeder=4 service=0 isl=4

=== E2E Link Observability Final Summary ===
link                    rx_pkts   rx_bytes     drop_pkts  drop_rate(%)  avg_delay(ms)
------------------------------------------------------------------------------------
feeder:gw0              N/A (bypasses feeder PHY)
feeder:sat33            N/A (bypasses feeder PHY)
feeder:sat45            N/A (bypasses feeder PHY)
isl:33-34               60243     60243        0          0.00          0.00
isl:34-33               59972     59972        0          0.00          0.00
isl:34-45               59972     59972        0          0.00          0.00
isl:45-34               59972     59972        0          0.00          0.00
[OBS][FEEDER-DIAG] total OrbiterRxFeeder callbacks (all sats, unscoped): 0
[OBS][FEEDER-DIAG] NOTE: OrbiterRxFeeder trace never fired. GW2GW_DIRECT bypasses feeder PHY in REGENERATION_NETWORK mode. feeder:* rows above show N/A.
------------------------------------------------------------------------------------
Log: Logs/0419_gw2gw_JP_IN_300s_link_obs.csv
=============================================


=== IslRoutingManager Stats ===
slot  simTime   apply(ms)   recompute(ms)   recompSrc       changed     
0     0.00      0           0               0               NO          
1     60.00     0           0               3               YES         
2     120.00    0           0               17              YES         
3     180.00    0           0               23              YES         
4     240.00    0           0               30              YES         
5     300.00    1           0               33              YES         
==============================


=== ISL Load Cost Summary (EMA queue delay) ===
edgeIdx satA    satB    loadAB(ms)      loadBA(ms)      
9       4       15      0.0000          0.2690          
13      6       17      0.0000          0.2772          
15      7       18      0.0000          0.1883          
16      8       9       0.0000          0.0923          
17      8       19      0.0000          0.3752          
18      9       10      0.0923          0.6009          
19      9       20      0.0923          0.0000          
20      0       10      0.0000          0.6009          
21      10      21      0.6009          0.0000          
28      14      15      0.0000          0.2690          
30      15      16      0.2690          0.0000          
31      15      26      0.2690          0.0000          
32      16      17      0.0000          0.2772          
34      17      18      0.2772          0.1883          
35      17      28      0.2772          0.0000          
36      18      19      0.1883          0.3752          
37      18      29      0.1883          0.0000          
38      19      20      0.3752          0.0000          
39      19      30      0.3752          0.0000          
55      27      38      0.0000          0.1215          
61      30      41      0.0000          0.1107          
67      33      44      0.0000          0.1883          
74      37      38      0.0000          0.1215          
76      38      39      0.1215          0.0000          
77      38      49      0.1215          0.0000          
79      39      50      0.0000          0.0923          
80      40      41      0.0000          0.1107          
82      41      42      0.1107          0.0000          
83      41      52      0.1107          0.5231          
88      44      45      0.1883          0.0000          
89      44      55      0.1883          0.0000          
98      49      50      0.0000          0.0923          
100     50      51      0.0923          0.0000          
101     50      61      0.0923          0.0000          
102     51      52      0.0000          0.5231          
104     52      53      0.5231          0.0000          
105     52      63      0.5231          0.2658          
107     53      64      0.0000          0.3913          
108     44      54      0.1883          0.0000          
109     54      65      0.0000          0.1979          
124     62      63      0.0000          0.2658          
126     63      64      0.2658          0.3913          
127     8       63      0.0000          0.2658          
128     64      65      0.3913          0.1979          
129     9       64      0.0923          0.3913          
130     55      65      0.0000          0.1979          
131     10      65      0.6009          0.1979          
Loaded ISL links: 47 / 132 total ISL edges
================================================


=== ISL Packet Drop Rate Summary ===
  (all ISLs: 0 drops)
TOTAL: 15859375 pkts, 0 dropped | drop_rate=0.000% | success_rate=100.000%
[PASS] overall ISL drop rate < 1.000%
=====================================

Total wall time: 1156.611 s
Event count:     0